223.16.113.251 - - [13/May/2017:09:00:08 +0000] "HEAD /audio/13.mp3 HTTP/1.1" 200 2998 "-" "Podcasts/2.6"
223.16.113.251 - - [13/May/2017:09:00:08 +0000] "GET /images/logo@2x.png HTTP/1.1" 200 120048 "-" "%E6%92%AD%E5%AE%A2/1150.47 CFNetwork/811.4.18 Darwin/16.5.0"
223.16.113.251 - - [13/May/2017:09:00:08 +0000] "GET /audio/13.mp3 HTTP/1.1" 206 3394 "-" "AppleCoreMedia/1.0.0.14E304 (iPhone; U; CPU OS 10_3_1 like Mac OS X; zh_cn)"
223.16.113.251 - - [13/May/2017:09:00:20 +0000] "GET /audio/13.mp3 HTTP/1.1" 206 3394 "-" "itunesstored/1.0 iOS/10.3.1 model/iPhone8,1 hwp/s8003 build/14E304 (6; dt:141)"
223.16.113.251 - - [13/May/2017:09:00:20 +0000] "GET /audio/13.mp3 HTTP/1.1" 206 3394 "-" "AppleCoreMedia/1.0.0.14E304 (iPhone; U; CPU OS 10_3_1 like Mac OS X; zh_cn)"
223.16.113.251 - - [13/May/2017:09:00:21 +0000] "GET /audio/13.mp3 HTTP/1.1" 206 66168 "-" "AppleCoreMedia/1.0.0.14E304 (iPhone; U; CPU OS 10_3_1 like Mac OS X; zh_cn)"
66.249.77.5 - - [13/May/2017:09:01:04 +0000] "GET /podcast.xml HTTP/1.1" 200 18987 "-" "Mozilla/5.0 (compatible; Googlebot/2.1; +http://www.google.com/bot.html)"
223.16.113.251 - - [13/May/2017:09:00:21 +0000] "GET /audio/13.mp3 HTTP/1.1" 206 42478637 "-" "AppleCoreMedia/1.0.0.14E304 (iPhone; U; CPU OS 10_3_1 like Mac OS X; zh_cn)"
223.16.113.251 - - [13/May/2017:09:01:12 +0000] "GET /podcast.xml HTTP/1.1" 200 15931 "-" "itunesstored/1.0 iOS/10.3.1 model/iPhone8,1 hwp/s8003 build/14E304 (6; dt:141)"
223.16.113.251 - - [13/May/2017:09:00:09 +0000] "GET /audio/13.mp3 HTTP/1.1" 206 42478637 "-" "AppleCoreMedia/1.0.0.14E304 (iPhone; U; CPU OS 10_3_1 like Mac OS X; zh_cn)"
223.16.113.251 - - [13/May/2017:09:01:17 +0000] "GET /images/logo@2x.png HTTP/1.1" 200 117187 "-" "itunesstored/1.0 iOS/10.3.1 model/iPhone8,1 hwp/s8003 build/14E304 (6; dt:141)"
183.131.84.174 - - [13/May/2017:09:01:28 +0000] "GET /podcast.xml HTTP/1.1" 200 18792 "-" "%E6%92%AD%E5%AE%A2/1150.47 CFNetwork/811.4.18 Darwin/16.5.0"
183.131.84.174 - - [13/May/2017:09:01:41 +0000] "GET /podcast.xml HTTP/1.1" 200 15931 "-" "%E6%92%AD%E5%AE%A2/1150.47 CFNetwork/811.4.18 Darwin/16.5.0"
223.104.5.229 - - [13/May/2017:09:02:07 +0000] "GET /podcast.xml HTTP/1.1" 200 18792 "-" "%E6%92%AD%E5%AE%A2/1150.47 CFNetwork/811.5.4 Darwin/16.6.0"
104.237.141.147 - - [13/May/2017:09:02:27 +0000] "GET /podcast.xml HTTP/1.1" 200 18755 "-" "Overcast/1.0 Podcast Sync (112 subscribers; feed-id=542448; +http://overcast.fm/)"
14.222.182.180 - - [13/May/2017:09:02:37 +0000] "GET /podcast.xml HTTP/1.1" 200 18792 "-" "Podcasts/1150.47 CFNetwork/811.4.18 Darwin/16.5.0"
52.229.38.70 - - [13/May/2017:09:02:46 +0000] "GET /podcast.xml HTTP/1.1" 200 18987 "-" "AntennaPod/1.6.2.3"
14.145.36.113 - - [13/May/2017:09:04:14 +0000] "GET /podcast.xml HTTP/1.1" 200 18792 "-" "%E6%92%AD%E5%AE%A2/1150.47 CFNetwork/811.4.18 Darwin/16.5.0"
2a01:7e00::f03c:91ff:fe1f:7011 - - [13/May/2017:09:04:27 +0000] "GET /podcast.xml HTTP/1.0" 200 96447 "-" "RSSRadio (Push Notification Scanner;support@dorada.co.uk)"
118.125.35.83 - - [13/May/2017:09:04:57 +0000] "GET /podcast.xml HTTP/1.1" 200 18792 "-" "%E6%92%AD%E5%AE%A2/1150.47 CFNetwork/811.4.18 Darwin/16.5.0"
104.237.141.147 - - [13/May/2017:09:05:21 +0000] "GET /podcast.xml HTTP/1.1" 200 18755 "-" "Overcast/1.0 Podcast Sync (112 subscribers; feed-id=542448; +http://overcast.fm/)"
118.125.35.83 - - [13/May/2017:09:05:25 +0000] "GET /podcast.xml HTTP/1.1" 200 15931 "-" "%E6%92%AD%E5%AE%A2/1150.47 CFNetwork/811.4.18 Darwin/16.5.0"
180.173.3.105 - - [13/May/2017:09:05:46 +0000] "GET /podcast.xml HTTP/1.1" 200 18792 "-" "%E6%92%AD%E5%AE%A2/1136 CFNetwork/808.1.4 Darwin/16.1.0"
52.196.229.231 - - [13/May/2017:09:06:21 +0000] "GET /podcast.xml HTTP/1.1" 200 18741 "-" "Mozilla/5.0 (Windows NT 6.2; WOW64) AppleWebKit/537.36 (KHTML, like Gecko) Chrome/27.0.1453.93 Safari/537.36"
121.57.237.202 - - [13/May/2017:09:06:23 +0000] "GET /podcast.xml HTTP/1.1" 200 18792 "-" "%E6%92%AD%E5%AE%A2/1150.47 CFNetwork/811.4.18 Darwin/16.5.0"
222.255.122.37 - - [13/May/2017:09:06:27 +0000] "GET /podcast.xml HTTP/1.1" 200 18792 "-" "%E6%92%AD%E5%AE%A2/1150.47 CFNetwork/811.4.18 Darwin/16.5.0"
183.131.84.174 - - [13/May/2017:09:06:38 +0000] "GET /podcast.xml HTTP/1.1" 200 18792 "-" "%E6%92%AD%E5%AE%A2/1150.47 CFNetwork/811.4.18 Darwin/16.5.0"
114.94.221.127 - - [13/May/2017:09:06:59 +0000] "GET /podcast.xml HTTP/1.1" 200 18792 "-" "%E6%92%AD%E5%AE%A2/1150.47 CFNetwork/811.4.18 Darwin/16.5.0"
183.131.84.174 - - [13/May/2017:09:07:06 +0000] "GET /podcast.xml HTTP/1.1" 200 15931 "-" "%E6%92%AD%E5%AE%A2/1150.47 CFNetwork/811.4.18 Darwin/16.5.0"
114.94.221.127 - - [13/May/2017:09:07:05 +0000] "GET /images/logo@2x.png HTTP/1.1" 200 120048 "-" "%E6%92%AD%E5%AE%A2/1150.47 CFNetwork/811.4.18 Darwin/16.5.0"
104.237.141.147 - - [13/May/2017:09:08:01 +0000] "GET /podcast.xml HTTP/1.1" 200 18755 "-" "Overcast/1.0 Podcast Sync (112 subscribers; feed-id=542448; +http://overcast.fm/)"
54.167.168.202 - - [13/May/2017:09:08:16 +0000] "GET /podcast.xml HTTP/1.1" 200 18936 "-" "Mozilla/5.0 (Macintosh; Intel Mac OS X 10_12_2) AppleWebKit/537.36 (KHTML, like Gecko) Chrome/52.0.2743.82 Safari/537.36"
45.56.75.7 - - [13/May/2017:09:08:21 +0000] "GET /podcast.xml HTTP/1.1" 200 18955 "-" "Tentacles, Like iTunes"
171.34.202.33 - - [13/May/2017:09:09:29 +0000] "GET /podcast.xml HTTP/1.1" 200 18792 "-" "%E6%92%AD%E5%AE%A2/1150.47 CFNetwork/811.4.18 Darwin/16.5.0"
183.236.3.15 - - [13/May/2017:09:09:35 +0000] "GET /podcast.xml HTTP/1.1" 200 18987 "-" "AntennaPod/1.6.2.3"
171.34.202.33 - - [13/May/2017:09:09:39 +0000] "GET /images/logo@2x.png HTTP/1.1" 200 120048 "-" "%E6%92%AD%E5%AE%A2/1150.47 CFNetwork/811.4.18 Darwin/16.5.0"
171.34.202.33 - - [13/May/2017:09:09:58 +0000] "GET /podcast.xml HTTP/1.1" 200 15931 "-" "%E6%92%AD%E5%AE%A2/1150.47 CFNetwork/811.4.18 Darwin/16.5.0"
163.172.52.227 - - [13/May/2017:09:10:02 +0000] "GET /podcast.xml HTTP/1.1" 200 96233 "-" "curl/7.47.0"
14.145.36.113 - - [13/May/2017:09:10:02 +0000] "GET /images/logo@2x.png HTTP/1.1" 200 120048 "-" "%E6%92%AD%E5%AE%A2/1150.47 CFNetwork/811.4.18 Darwin/16.5.0"
104.237.141.147 - - [13/May/2017:09:10:34 +0000] "GET /podcast.xml HTTP/1.1" 200 18755 "-" "Overcast/1.0 Podcast Sync (112 subscribers; feed-id=542448; +http://overcast.fm/)"
101.228.34.157 - - [13/May/2017:09:10:51 +0000] "GET /podcast.xml HTTP/1.1" 200 18755 "-" "iTunes/12.6 (Macintosh; OS X 10.12.4) AppleWebKit/603.1.30.0.34 hwp/t8002"
101.228.34.157 - - [13/May/2017:09:10:51 +0000] "GET /audio/13.mp3 HTTP/1.1" 200 42478545 "-" "iTunes/12.6 (Macintosh; OS X 10.12.4) AppleWebKit/603.1.30.0.34 hwp/t8002"
171.105.168.148 - - [13/May/2017:09:11:22 +0000] "GET /audio/13.mp3 HTTP/1.1" 206 3394 "-" "AppleCoreMedia/1.0.0.14E304 (iPhone; U; CPU OS 10_3_1 like Mac OS X; zh_cn)"
171.105.168.148 - - [13/May/2017:09:11:22 +0000] "GET /audio/13.mp3 HTTP/1.1" 206 230630 "-" "AppleCoreMedia/1.0.0.14E304 (iPhone; U; CPU OS 10_3_1 like Mac OS X; zh_cn)"
27.0.232.19 - - [13/May/2017:09:10:24 +0000] "GET /audio/13.mp3 HTTP/1.1" 200 42478582 "-" "Pocket Casts"
171.105.168.148 - - [13/May/2017:09:11:23 +0000] "GET /audio/13.mp3 HTTP/1.1" 206 628901 "-" "AppleCoreMedia/1.0.0.14E304 (iPhone; U; CPU OS 10_3_1 like Mac OS X; zh_cn)"
180.85.53.100 - - [13/May/2017:09:11:36 +0000] "GET /podcast.xml HTTP/1.1" 200 18755 "-" "iTunes/12.6 (Macintosh; OS X 10.12.4) AppleWebKit/603.1.30.0.34"
211.137.119.10 - - [13/May/2017:09:12:07 +0000] "GET /podcast.xml HTTP/1.1" 200 18987 "-" "Mozilla/5.0 (compatible; MSIE 10.0; Windows NT 6.2; WOW64; Trident/6.0)"
63.143.42.245 - - [13/May/2017:09:12:35 +0000] "HEAD / HTTP/1.1" 200 3193 "https://TechFusionFM.com" "Mozilla/5.0+(compatible; UptimeRobot/2.0; http://www.uptimerobot.com/)"
218.19.99.46 - - [13/May/2017:09:13:00 +0000] "GET /podcast.xml HTTP/1.1" 200 18792 "-" "%E6%92%AD%E5%AE%A2/1140.8 CFNetwork/808.3 Darwin/16.3.0"
171.105.168.148 - - [13/May/2017:09:11:33 +0000] "GET /audio/13.mp3 HTTP/1.1" 206 42442954 "-" "AppleCoreMedia/1.0.0.14E304 (iPhone; U; CPU OS 10_3_1 like Mac OS X; zh_cn)"
218.19.99.46 - - [13/May/2017:09:13:20 +0000] "GET /images/logo@2x.png HTTP/1.1" 200 120048 "-" "%E6%92%AD%E5%AE%A2/1140.8 CFNetwork/808.3 Darwin/16.3.0"
104.238.141.30 - - [13/May/2017:09:13:32 +0000] "GET /podcast.xml HTTP/1.1" 200 18792 "-" "%E6%92%AD%E5%AE%A2/1150.47 CFNetwork/811.4.18 Darwin/16.5.0"
218.19.99.46 - - [13/May/2017:09:13:36 +0000] "GET /podcast.xml HTTP/1.1" 200 15931 "-" "%E6%92%AD%E5%AE%A2/1140.8 CFNetwork/808.3 Darwin/16.3.0"
218.19.99.46 - - [13/May/2017:09:13:36 +0000] "GET /podcast.xml HTTP/1.1" 200 15931 "-" "%E6%92%AD%E5%AE%A2/1140.8 CFNetwork/808.3 Darwin/16.3.0"
218.19.99.46 - - [13/May/2017:09:13:49 +0000] "GET /images/logo@2x.png HTTP/1.1" 200 120048 "-" "%E6%92%AD%E5%AE%A2/1140.8 CFNetwork/808.3 Darwin/16.3.0"
218.19.99.46 - - [13/May/2017:09:13:49 +0000] "GET /images/logo@2x.png HTTP/1.1" 200 117187 "-" "%E6%92%AD%E5%AE%A2/1140.8 CFNetwork/808.3 Darwin/16.3.0"
110.184.135.109 - - [13/May/2017:09:13:55 +0000] "GET /podcast.xml HTTP/1.1" 200 18792 "-" "%E6%92%AD%E5%AE%A2/1150.47 CFNetwork/811.4.18 Darwin/16.5.0"
110.184.135.109 - - [13/May/2017:09:13:56 +0000] "GET /images/logo@2x.png HTTP/1.1" 200 120048 "-" "%E6%92%AD%E5%AE%A2/1150.47 CFNetwork/811.4.18 Darwin/16.5.0"
104.237.137.166 - - [13/May/2017:09:14:00 +0000] "GET /podcast.xml HTTP/1.1" 301 562 "-" "Overcast/1.0 Podcast Sync (1 subscribers; feed-id=540400; +http://overcast.fm/)"
104.237.137.166 - - [13/May/2017:09:14:00 +0000] "GET /podcast.xml HTTP/1.1" 200 18755 "http://techfusionfm.com/podcast.xml" "Go-http-client/1.1"
125.38.97.56 - - [13/May/2017:09:14:00 +0000] "GET /podcast.xml HTTP/1.1" 200 18792 "-" "%E6%92%AD%E5%AE%A2/1150.47 CFNetwork/811.4.18 Darwin/16.5.0"
104.237.141.147 - - [13/May/2017:09:14:01 +0000] "GET /podcast.xml HTTP/1.1" 200 18755 "-" "Overcast/1.0 Podcast Sync (112 subscribers; feed-id=542448; +http://overcast.fm/)"
123.120.90.2 - - [13/May/2017:09:14:18 +0000] "GET /podcast.xml HTTP/1.1" 200 18792 "-" "%E6%92%AD%E5%AE%A2/1150.47 CFNetwork/811.4.18 Darwin/16.5.0"
123.120.90.2 - - [13/May/2017:09:14:27 +0000] "GET /images/logo@2x.png HTTP/1.1" 200 120048 "-" "%E6%92%AD%E5%AE%A2/1150.47 CFNetwork/811.4.18 Darwin/16.5.0"
114.94.221.127 - - [13/May/2017:09:14:30 +0000] "GET /podcast.xml HTTP/1.1" 200 18792 "-" "%E6%92%AD%E5%AE%A2/1150.47 CFNetwork/811.4.18 Darwin/16.5.0"
114.94.221.127 - - [13/May/2017:09:14:32 +0000] "GET /images/logo@2x.png HTTP/1.1" 200 120048 "-" "%E6%92%AD%E5%AE%A2/1150.47 CFNetwork/811.4.18 Darwin/16.5.0"
174.139.144.82 - - [13/May/2017:09:14:43 +0000] "GET /podcast.xml HTTP/1.1" 200 18792 "-" "%E6%92%AD%E5%AE%A2/1150.47 CFNetwork/811.4.18 Darwin/16.5.0"
174.139.144.82 - - [13/May/2017:09:14:55 +0000] "GET /images/logo@2x.png HTTP/1.1" 200 120048 "-" "%E6%92%AD%E5%AE%A2/1150.47 CFNetwork/811.4.18 Darwin/16.5.0"
36.149.202.29 - - [13/May/2017:09:15:04 +0000] "GET /podcast.xml HTTP/1.1" 200 18792 "-" "%E6%92%AD%E5%AE%A2/1150.47 CFNetwork/811.4.18 Darwin/16.5.0"
36.149.202.29 - - [13/May/2017:09:15:09 +0000] "GET /images/logo@2x.png HTTP/1.1" 200 120048 "-" "%E6%92%AD%E5%AE%A2/1150.47 CFNetwork/811.4.18 Darwin/16.5.0"
183.60.175.171 - - [13/May/2017:09:16:20 +0000] "GET /images/logo@2x.png HTTP/1.1" 200 117187 "-" "Dalvik/2.1.0 (Linux; U; Android 5.1.1; YQ605 Build/LMY47V)"
183.236.3.15 - - [13/May/2017:09:16:21 +0000] "GET /images/logo@2x.png HTTP/1.1" 200 117187 "-" "Dalvik/2.1.0 (Linux; U; Android 5.1.1; YQ605 Build/LMY47V)"
183.60.175.111 - - [13/May/2017:09:16:21 +0000] "GET /images/logo@2x.png HTTP/1.1" 200 117187 "-" "Dalvik/2.1.0 (Linux; U; Android 5.1.1; YQ605 Build/LMY47V)"
183.60.175.171 - - [13/May/2017:09:16:31 +0000] "GET /audio/13.mp3 HTTP/1.1" 200 5256441 "-" "stagefright/1.2 (Linux;Android 5.1.1)"
104.237.141.147 - - [13/May/2017:09:16:49 +0000] "GET /podcast.xml HTTP/1.1" 200 18755 "-" "Overcast/1.0 Podcast Sync (112 subscribers; feed-id=542448; +http://overcast.fm/)"
183.60.175.111 - - [13/May/2017:09:16:56 +0000] "GET /audio/12.mp3 HTTP/1.1" 206 3589 "-" "Mozilla/5.0 (Linux; Android 5.1.1; YQ605 Build/LMY47V) AppleWebKit/537.36 (KHTML, like Gecko) Version/4.0 Chrome/39.0.0.0 Mobile Safari/537.36"
66.102.6.108 - - [13/May/2017:09:17:00 +0000] "GET / HTTP/1.1" 301 577 "-" "Mozilla/5.0 (X11; Linux x86_64) AppleWebKit/537.36 (KHTML, like Gecko) Chrome/49.0.2623.75 Safari/537.36 Google Favicon"
66.102.6.104 - - [13/May/2017:09:17:01 +0000] "GET / HTTP/1.1" 200 7313 "-" "Mozilla/5.0 (X11; Linux x86_64) AppleWebKit/537.36 (KHTML, like Gecko) Chrome/49.0.2623.75 Safari/537.36 Google Favicon"
66.102.6.100 - - [13/May/2017:09:17:01 +0000] "GET /images/favicon.png HTTP/1.1" 200 35015 "-" "Mozilla/5.0 (X11; Linux x86_64) AppleWebKit/537.36 (KHTML, like Gecko) Chrome/49.0.2623.75 Safari/537.36 Google Favicon"
183.236.3.15 - - [13/May/2017:09:16:33 +0000] "GET /audio/12.mp3 HTTP/1.1" 200 2846141 "-" "stagefright/1.2 (Linux;Android 5.1.1)"
183.236.3.15 - - [13/May/2017:09:17:26 +0000] "GET /faq HTTP/1.1" 301 3837 "-" "Mozilla/5.0 (Linux; Android 5.1.1; YQ605 Build/LMY47V) AppleWebKit/537.36 (KHTML, like Gecko) Version/4.0 Chrome/39.0.0.0 Mobile Safari/537.36"
183.236.3.15 - - [13/May/2017:09:17:27 +0000] "GET /faq/ HTTP/1.1" 200 4535 "-" "Mozilla/5.0 (Linux; Android 5.1.1; YQ605 Build/LMY47V) AppleWebKit/537.36 (KHTML, like Gecko) Version/4.0 Chrome/39.0.0.0 Mobile Safari/537.36"
183.236.3.15 - - [13/May/2017:09:17:28 +0000] "GET /css/style.css HTTP/1.1" 200 2721 "https://techfusionfm.com/faq/" "Mozilla/5.0 (Linux; Android 5.1.1; YQ605 Build/LMY47V) AppleWebKit/537.36 (KHTML, like Gecko) Version/4.0 Chrome/39.0.0.0 Mobile Safari/537.36"
183.60.175.171 - - [13/May/2017:09:17:28 +0000] "GET /css/font-awesome.min.css HTTP/1.1" 200 5634 "https://techfusionfm.com/faq/" "Mozilla/5.0 (Linux; Android 5.1.1; YQ605 Build/LMY47V) AppleWebKit/537.36 (KHTML, like Gecko) Version/4.0 Chrome/39.0.0.0 Mobile Safari/537.36"
183.236.3.15 - - [13/May/2017:09:17:28 +0000] "GET /css/blog_basic.css HTTP/1.1" 200 2943 "https://techfusionfm.com/faq/" "Mozilla/5.0 (Linux; Android 5.1.1; YQ605 Build/LMY47V) AppleWebKit/537.36 (KHTML, like Gecko) Version/4.0 Chrome/39.0.0.0 Mobile Safari/537.36"
183.236.3.15 - - [13/May/2017:09:17:28 +0000] "GET /js/jquery.js HTTP/1.1" 200 33971 "https://techfusionfm.com/faq/" "Mozilla/5.0 (Linux; Android 5.1.1; YQ605 Build/LMY47V) AppleWebKit/537.36 (KHTML, like Gecko) Version/4.0 Chrome/39.0.0.0 Mobile Safari/537.36"
183.60.175.171 - - [13/May/2017:09:17:28 +0000] "GET /js/jquery-migrate-1.2.1.min.js HTTP/1.1" 200 3594 "https://techfusionfm.com/faq/" "Mozilla/5.0 (Linux; Android 5.1.1; YQ605 Build/LMY47V) AppleWebKit/537.36 (KHTML, like Gecko) Version/4.0 Chrome/39.0.0.0 Mobile Safari/537.36"
183.236.3.15 - - [13/May/2017:09:17:28 +0000] "GET /js/jquery.appear.js HTTP/1.1" 200 933 "https://techfusionfm.com/faq/" "Mozilla/5.0 (Linux; Android 5.1.1; YQ605 Build/LMY47V) AppleWebKit/537.36 (KHTML, like Gecko) Version/4.0 Chrome/39.0.0.0 Mobile Safari/537.36"
183.60.175.171 - - [13/May/2017:09:17:28 +0000] "GET /js/ga.js HTTP/1.1" 200 717 "https://techfusionfm.com/faq/" "Mozilla/5.0 (Linux; Android 5.1.1; YQ605 Build/LMY47V) AppleWebKit/537.36 (KHTML, like Gecko) Version/4.0 Chrome/39.0.0.0 Mobile Safari/537.36"
183.60.175.111 - - [13/May/2017:09:17:28 +0000] "GET /js/ba.js HTTP/1.1" 200 765 "https://techfusionfm.com/faq/" "Mozilla/5.0 (Linux; Android 5.1.1; YQ605 Build/LMY47V) AppleWebKit/537.36 (KHTML, like Gecko) Version/4.0 Chrome/39.0.0.0 Mobile Safari/537.36"
183.236.3.15 - - [13/May/2017:09:17:29 +0000] "GET /images/donate.svg HTTP/1.1" 200 974 "https://techfusionfm.com/faq/" "Mozilla/5.0 (Linux; Android 5.1.1; YQ605 Build/LMY47V) AppleWebKit/537.36 (KHTML, like Gecko) Version/4.0 Chrome/39.0.0.0 Mobile Safari/537.36"
183.60.175.171 - - [13/May/2017:09:17:28 +0000] "GET /images/logo@2x.png HTTP/1.1" 200 117049 "https://techfusionfm.com/faq/" "Mozilla/5.0 (Linux; Android 5.1.1; YQ605 Build/LMY47V) AppleWebKit/537.36 (KHTML, like Gecko) Version/4.0 Chrome/39.0.0.0 Mobile Safari/537.36"
183.236.3.15 - - [13/May/2017:09:17:29 +0000] "GET /fonts/fontawesome-webfont.woff?v=4.2.0 HTTP/1.1" 200 98527 "https://techfusionfm.com/css/font-awesome.min.css" "Mozilla/5.0 (Linux; Android 5.1.1; YQ605 Build/LMY47V) AppleWebKit/537.36 (KHTML, like Gecko) Version/4.0 Chrome/39.0.0.0 Mobile Safari/537.36"
183.236.3.15 - - [13/May/2017:09:17:29 +0000] "GET /images/favicon.png HTTP/1.1" 200 31821 "-" "Mozilla/5.0 (Linux; Android 5.1.1; YQ605 Build/LMY47V) AppleWebKit/537.36 (KHTML, like Gecko) Version/4.0 Chrome/39.0.0.0 Mobile Safari/537.36"
63.143.42.245 - - [13/May/2017:09:17:35 +0000] "HEAD / HTTP/1.1" 200 3193 "https://TechFusionFM.com" "Mozilla/5.0+(compatible; UptimeRobot/2.0; http://www.uptimerobot.com/)"
121.237.203.83 - - [13/May/2017:09:17:39 +0000] "GET /podcast.xml HTTP/1.1" 200 18792 "-" "%E6%92%AD%E5%AE%A2/1140.8 CFNetwork/808.3 Darwin/16.3.0"
45.33.75.134 - - [13/May/2017:09:17:47 +0000] "GET /podcast.xml HTTP/1.1" 200 18792 "-" "PocketCasts/1.0 (Pocket Casts Feed Parser; +http://pocketcasts.com/)"
110.184.23.35 - - [13/May/2017:09:18:05 +0000] "GET /podcast.xml HTTP/1.1" 200 18792 "-" "%E6%92%AD%E5%AE%A2/1150.47 CFNetwork/811.4.18 Darwin/16.5.0"
114.247.23.61 - - [13/May/2017:09:18:49 +0000] "GET /podcast.xml HTTP/1.1" 200 18792 "-" "%E6%92%AD%E5%AE%A2/1175.144 CFNetwork/856.4 Darwin/17.0.0"
112.97.62.214 - - [13/May/2017:09:19:15 +0000] "GET /podcast.xml HTTP/1.1" 200 19429 "-" "Mozilla/5.0 (compatible; MSIE 10.0; Windows NT 6.2; WOW64; Trident/6.0)"
104.237.141.147 - - [13/May/2017:09:19:34 +0000] "GET /podcast.xml HTTP/1.1" 200 18755 "-" "Overcast/1.0 Podcast Sync (112 subscribers; feed-id=542448; +http://overcast.fm/)"
183.236.3.15 - - [13/May/2017:09:16:56 +0000] "GET /audio/12.mp3 HTTP/1.1" 200 1089901 "-" "stagefright/1.2 (Linux;Android 5.1.1)"
17.124.176.107 - - [13/May/2017:09:19:47 +0000] "HEAD /podcast.xml HTTP/1.1" 200 2998 "-" "iTMS"
17.124.176.107 - - [13/May/2017:09:19:47 +0000] "HEAD /podcast.xml HTTP/1.1" 200 291 "-" "iTMS"
17.124.176.106 - - [13/May/2017:09:19:48 +0000] "GET /podcast.xml HTTP/1.1" 200 93367 "-" "iTMS"
17.124.176.105 - - [13/May/2017:09:19:48 +0000] "GET /podcast.xml HTTP/1.1" 200 93367 "-" "Jakarta Commons-HttpClient/3.1"
110.184.23.35 - - [13/May/2017:09:20:11 +0000] "GET /images/logo@2x.png HTTP/1.1" 200 120048 "-" "%E6%92%AD%E5%AE%A2/1150.47 CFNetwork/811.4.18 Darwin/16.5.0"
180.116.179.87 - - [13/May/2017:09:21:16 +0000] "GET /podcast.xml HTTP/1.1" 200 18792 "-" "%E6%92%AD%E5%AE%A2/1150.47 CFNetwork/811.4.18 Darwin/16.5.0"
183.60.175.171 - - [13/May/2017:09:16:18 +0000] "GET /images/logo@2x.png HTTP/1.1" 200 103161 "-" "Dalvik/2.1.0 (Linux; U; Android 5.1.1; YQ605 Build/LMY47V)"
183.236.3.15 - - [13/May/2017:09:16:32 +0000] "GET /audio/13.mp3 HTTP/1.1" 200 264317 "-" "Dalvik/2.1.0 (Linux; U; Android 5.1.1; YQ605 Build/LMY47V)"
183.236.3.15 - - [13/May/2017:09:16:34 +0000] "GET /audio/13.mp3 HTTP/1.1" 200 228617 "-" "Dalvik/2.1.0 (Linux; U; Android 5.1.1; YQ605 Build/LMY47V)"
114.94.221.127 - - [13/May/2017:09:21:49 +0000] "GET /podcast.xml HTTP/1.1" 200 18792 "-" "%E6%92%AD%E5%AE%A2/1150.47 CFNetwork/811.4.18 Darwin/16.5.0"
114.216.232.206 - - [13/May/2017:09:21:54 +0000] "GET /podcast.xml HTTP/1.1" 200 18792 "-" "%E6%92%AD%E5%AE%A2/1150.47 CFNetwork/811.4.18 Darwin/16.5.0"
114.216.232.206 - - [13/May/2017:09:21:56 +0000] "GET /images/logo@2x.png HTTP/1.1" 200 120048 "-" "%E6%92%AD%E5%AE%A2/1150.47 CFNetwork/811.4.18 Darwin/16.5.0"
183.60.175.111 - - [13/May/2017:09:17:02 +0000] "GET /audio/12.mp3 HTTP/1.1" 200 46601 "-" "Dalvik/2.1.0 (Linux; U; Android 5.1.1; YQ605 Build/LMY47V)"
104.237.141.147 - - [13/May/2017:09:22:03 +0000] "GET /podcast.xml HTTP/1.1" 200 18755 "-" "Overcast/1.0 Podcast Sync (112 subscribers; feed-id=542448; +http://overcast.fm/)"
2001:250:4000:4203:2ad2:44ff:fe80:ba6a - - [13/May/2017:09:22:31 +0000] "GET /podcast.xml HTTP/1.1" 200 18792 "-" "%E6%92%AD%E5%AE%A2/1150.47 CFNetwork/811.4.18 Darwin/16.5.0"
63.143.42.245 - - [13/May/2017:09:22:35 +0000] "HEAD / HTTP/1.1" 200 3193 "https://TechFusionFM.com" "Mozilla/5.0+(compatible; UptimeRobot/2.0; http://www.uptimerobot.com/)"
183.0.227.239 - - [13/May/2017:09:22:53 +0000] "GET /podcast.xml HTTP/1.1" 200 18792 "-" "%E6%92%AD%E5%AE%A2/1150.47 CFNetwork/811.5.1 Darwin/16.6.0"
45.56.75.7 - - [13/May/2017:09:23:46 +0000] "GET /podcast.xml HTTP/1.1" 200 18955 "-" "Tentacles, Like iTunes"
139.162.102.102 - - [13/May/2017:09:23:46 +0000] "GET /podcast.xml HTTP/1.1" 200 18792 "-" "%E6%92%AD%E5%AE%A2/1150.47 CFNetwork/811.4.18 Darwin/16.5.0"
139.162.102.102 - - [13/May/2017:09:23:48 +0000] "GET /images/logo@2x.png HTTP/1.1" 200 120048 "-" "%E6%92%AD%E5%AE%A2/1150.47 CFNetwork/811.4.18 Darwin/16.5.0"
104.237.141.147 - - [13/May/2017:09:25:19 +0000] "GET /podcast.xml HTTP/1.1" 200 18755 "-" "Overcast/1.0 Podcast Sync (112 subscribers; feed-id=542448; +http://overcast.fm/)"
2a01:7e00::f03c:91ff:fe1f:b6fc - - [13/May/2017:09:25:33 +0000] "GET /podcast.xml HTTP/1.0" 200 96447 "-" "RSSRadio (Push Notification Scanner;support@dorada.co.uk)"
61.172.75.53 - - [13/May/2017:09:25:35 +0000] "GET /podcast.xml HTTP/1.1" 200 18792 "-" "%E6%92%AD%E5%AE%A2/1150.47 CFNetwork/811.4.18 Darwin/16.5.0"
61.172.75.53 - - [13/May/2017:09:25:38 +0000] "GET /images/logo@2x.png HTTP/1.1" 200 120048 "-" "%E6%92%AD%E5%AE%A2/1150.47 CFNetwork/811.4.18 Darwin/16.5.0"
114.247.23.61 - - [13/May/2017:09:26:25 +0000] "GET /images/logo@2x.png HTTP/1.1" 200 120048 "-" "%E6%92%AD%E5%AE%A2/1175.144 CFNetwork/856.4 Darwin/17.0.0"
117.136.40.131 - - [13/May/2017:09:26:39 +0000] "GET /podcast.xml HTTP/1.1" 200 18792 "-" "%E6%92%AD%E5%AE%A2/1150.47 CFNetwork/811.4.18 Darwin/16.5.0"
211.142.109.84 - - [13/May/2017:09:26:57 +0000] "GET /podcast.xml HTTP/1.1" 200 18792 "-" "%E6%92%AD%E5%AE%A2/1150.47 CFNetwork/811.4.18 Darwin/16.5.0"
211.142.109.84 - - [13/May/2017:09:26:58 +0000] "GET /images/logo@2x.png HTTP/1.1" 200 120048 "-" "%E6%92%AD%E5%AE%A2/1150.47 CFNetwork/811.4.18 Darwin/16.5.0"
211.142.109.84 - - [13/May/2017:09:27:00 +0000] "GET /podcast.xml HTTP/1.1" 200 15793 "-" "%E6%92%AD%E5%AE%A2/1150.47 CFNetwork/811.4.18 Darwin/16.5.0"
63.143.42.245 - - [13/May/2017:09:27:35 +0000] "HEAD / HTTP/1.1" 200 3193 "https://TechFusionFM.com" "Mozilla/5.0+(compatible; UptimeRobot/2.0; http://www.uptimerobot.com/)"
211.138.116.3 - - [13/May/2017:09:27:46 +0000] "GET /podcast.xml HTTP/1.1" 200 18792 "-" "Podcast/1150.47 CFNetwork/811.4.18 Darwin/16.5.0"
211.138.116.3 - - [13/May/2017:09:28:08 +0000] "GET /images/logo@2x.png HTTP/1.1" 200 120048 "-" "Podcast/1150.47 CFNetwork/811.4.18 Darwin/16.5.0"
117.136.40.131 - - [13/May/2017:09:28:10 +0000] "GET /images/logo@2x.png HTTP/1.1" 200 120048 "-" "%E6%92%AD%E5%AE%A2/1150.47 CFNetwork/811.4.18 Darwin/16.5.0"
42.248.131.21 - - [13/May/2017:09:28:20 +0000] "GET /podcast.xml HTTP/1.1" 200 18792 "-" "%E6%92%AD%E5%AE%A2/1150.47 CFNetwork/811.4.18 Darwin/16.5.0"
42.248.131.21 - - [13/May/2017:09:28:25 +0000] "GET /images/logo@2x.png HTTP/1.1" 200 120048 "-" "%E6%92%AD%E5%AE%A2/1150.47 CFNetwork/811.4.18 Darwin/16.5.0"
104.237.141.147 - - [13/May/2017:09:28:26 +0000] "GET /podcast.xml HTTP/1.1" 200 18755 "-" "Overcast/1.0 Podcast Sync (112 subscribers; feed-id=542448; +http://overcast.fm/)"
67.21.68.99 - - [13/May/2017:09:28:31 +0000] "GET /podcast.xml HTTP/1.1" 200 18792 "-" "%E6%92%AD%E5%AE%A2/1150.47 CFNetwork/811.4.18 Darwin/16.5.0"
67.21.68.99 - - [13/May/2017:09:28:34 +0000] "GET /images/logo@2x.png HTTP/1.1" 200 120048 "-" "%E6%92%AD%E5%AE%A2/1150.47 CFNetwork/811.4.18 Darwin/16.5.0"
172.104.76.236 - - [13/May/2017:09:28:41 +0000] "GET /podcast.xml HTTP/1.1" 200 18792 "-" "%E6%92%AD%E5%AE%A2/1150.47 CFNetwork/811.4.18 Darwin/16.5.0"
172.104.76.236 - - [13/May/2017:09:30:19 +0000] "GET /images/logo@2x.png HTTP/1.1" 200 120048 "-" "%E6%92%AD%E5%AE%A2/1150.47 CFNetwork/811.4.18 Darwin/16.5.0"
104.238.141.30 - - [13/May/2017:09:30:54 +0000] "GET /podcast.xml HTTP/1.1" 200 18792 "-" "%E6%92%AD%E5%AE%A2/1150.47 CFNetwork/811.4.18 Darwin/16.5.0"
1.180.212.106 - - [13/May/2017:09:31:01 +0000] "GET /podcast.xml HTTP/1.1" 200 18968 "-" "iTunes/12.6 (Windows; Microsoft Windows 10.0 x64 Home Premium Edition (Build 15063); x64) AppleWebKit/7603.1030.4006.6"
1.180.212.106 - - [13/May/2017:09:31:03 +0000] "GET /images/logo@2x.png HTTP/1.1" 200 120284 "-" "iTunes/12.6 (Windows; Microsoft Windows 10.0 x64 Home Premium Edition (Build 15063); x64) AppleWebKit/7603.1030.4006.6"
1.180.212.106 - - [13/May/2017:09:31:03 +0000] "GET /images/logo@2x.png HTTP/1.1" 200 120284 "-" "iTunes/12.6 (Windows; Microsoft Windows 10.0 x64 Home Premium Edition (Build 15063); x64) AppleWebKit/7603.1030.4006.6"
104.237.141.147 - - [13/May/2017:09:31:41 +0000] "GET /podcast.xml HTTP/1.1" 200 18755 "-" "Overcast/1.0 Podcast Sync (112 subscribers; feed-id=542448; +http://overcast.fm/)"
36.149.235.216 - - [13/May/2017:09:31:47 +0000] "GET /podcast.xml HTTP/1.1" 200 18792 "-" "%E6%92%AD%E5%AE%A2/1150.47 CFNetwork/811.4.18 Darwin/16.5.0"
223.64.66.160 - - [13/May/2017:09:32:14 +0000] "GET /podcast.xml HTTP/1.1" 200 18792 "-" "%E6%92%AD%E5%AE%A2/1150.47 CFNetwork/811.5.4 Darwin/16.6.0"
223.64.66.160 - - [13/May/2017:09:32:18 +0000] "GET /podcast.xml HTTP/1.1" 200 15931 "-" "%E6%92%AD%E5%AE%A2/1150.47 CFNetwork/811.5.4 Darwin/16.6.0"
223.64.66.160 - - [13/May/2017:09:32:20 +0000] "GET /images/logo@2x.png HTTP/1.1" 200 120048 "-" "%E6%92%AD%E5%AE%A2/1150.47 CFNetwork/811.5.4 Darwin/16.6.0"
223.64.66.160 - - [13/May/2017:09:32:23 +0000] "GET /images/logo@2x.png HTTP/1.1" 200 117187 "-" "%E6%92%AD%E5%AE%A2/1150.47 CFNetwork/811.5.4 Darwin/16.6.0"
63.143.42.245 - - [13/May/2017:09:32:35 +0000] "HEAD / HTTP/1.1" 200 3193 "https://TechFusionFM.com" "Mozilla/5.0+(compatible; UptimeRobot/2.0; http://www.uptimerobot.com/)"
104.237.137.166 - - [13/May/2017:09:32:54 +0000] "GET /podcast.xml HTTP/1.1" 301 562 "-" "Overcast/1.0 Podcast Sync (1 subscribers; feed-id=540400; +http://overcast.fm/)"
104.237.137.166 - - [13/May/2017:09:32:55 +0000] "GET /podcast.xml HTTP/1.1" 200 18755 "http://techfusionfm.com/podcast.xml" "Go-http-client/1.1"
183.203.223.2 - - [13/May/2017:09:33:55 +0000] "GET /podcast.xml HTTP/1.1" 200 18792 "-" "%E6%92%AD%E5%AE%A2/1075.88 CFNetwork/758.2.8 Darwin/15.0.0"
111.121.73.111 - - [13/May/2017:09:34:11 +0000] "GET /podcast.xml HTTP/1.1" 200 18792 "-" "Podcast/1150.47 CFNetwork/811.4.18 Darwin/16.5.0"
111.121.73.111 - - [13/May/2017:09:34:12 +0000] "GET /images/logo@2x.png HTTP/1.1" 200 120048 "-" "Podcast/1150.47 CFNetwork/811.4.18 Darwin/16.5.0"
2600:3c03::f03c:91ff:fe6e:ab9f - - [13/May/2017:09:34:49 +0000] "GET /podcast.xml HTTP/1.1" 304 3354 "-" "excon/0.54.0"
104.237.141.147 - - [13/May/2017:09:34:53 +0000] "GET /podcast.xml HTTP/1.1" 200 18755 "-" "Overcast/1.0 Podcast Sync (112 subscribers; feed-id=542448; +http://overcast.fm/)"
14.222.182.180 - - [13/May/2017:09:35:27 +0000] "GET /podcast.xml HTTP/1.1" 200 18792 "-" "Podcasts/1150.47 CFNetwork/811.4.18 Darwin/16.5.0"
112.96.128.14 - - [13/May/2017:09:35:30 +0000] "GET /podcast.xml HTTP/1.1" 200 18792 "-" "%E6%92%AD%E5%AE%A2/1150.47 CFNetwork/811.4.18 Darwin/16.5.0"
183.203.223.2 - - [13/May/2017:09:35:38 +0000] "GET /images/logo@2x.png HTTP/1.1" 200 120048 "-" "%E6%92%AD%E5%AE%A2/1075.88 CFNetwork/758.2.8 Darwin/15.0.0"
52.196.229.231 - - [13/May/2017:09:37:06 +0000] "GET /podcast.xml HTTP/1.1" 200 18741 "-" "Mozilla/5.0 (Windows NT 6.2; WOW64) AppleWebKit/537.36 (KHTML, like Gecko) Chrome/27.0.1453.93 Safari/537.36"
114.94.221.127 - - [13/May/2017:09:37:12 +0000] "GET /podcast.xml HTTP/1.1" 200 18792 "-" "%E6%92%AD%E5%AE%A2/1150.47 CFNetwork/811.4.18 Darwin/16.5.0"
60.30.224.187 - - [13/May/2017:09:37:30 +0000] "GET /podcast.xml HTTP/1.1" 200 18792 "-" "%E6%92%AD%E5%AE%A2/1150.47 CFNetwork/811.4.18 Darwin/16.5.0"
63.143.42.245 - - [13/May/2017:09:37:35 +0000] "HEAD / HTTP/1.1" 200 3193 "https://TechFusionFM.com" "Mozilla/5.0+(compatible; UptimeRobot/2.0; http://www.uptimerobot.com/)"
119.136.152.17 - - [13/May/2017:09:38:00 +0000] "GET /podcast.xml HTTP/1.1" 200 18792 "-" "%E6%92%AD%E5%AE%A2/1150.47 CFNetwork/811.4.18 Darwin/16.5.0"
104.237.141.147 - - [13/May/2017:09:38:02 +0000] "GET /podcast.xml HTTP/1.1" 200 18755 "-" "Overcast/1.0 Podcast Sync (112 subscribers; feed-id=542448; +http://overcast.fm/)"
119.136.152.17 - - [13/May/2017:09:38:05 +0000] "GET /images/logo@2x.png HTTP/1.1" 200 120048 "-" "%E6%92%AD%E5%AE%A2/1150.47 CFNetwork/811.4.18 Darwin/16.5.0"
45.33.75.134 - - [13/May/2017:09:38:42 +0000] "GET /podcast.xml HTTP/1.1" 200 18792 "-" "PocketCasts/1.0 (Pocket Casts Feed Parser; +http://pocketcasts.com/)"
27.18.210.41 - - [13/May/2017:09:38:58 +0000] "GET /podcast.xml HTTP/1.1" 200 18792 "-" "%E6%92%AD%E5%AE%A2/1150.47 CFNetwork/811.4.18 Darwin/16.5.0"
14.222.182.180 - - [13/May/2017:09:39:06 +0000] "HEAD /audio/2.mp3 HTTP/1.1" 200 2998 "-" "Podcasts/2.6"
14.222.182.180 - - [13/May/2017:09:39:06 +0000] "GET /audio/2.mp3 HTTP/1.1" 206 3395 "-" "AppleCoreMedia/1.0.0.14E304 (iPhone; U; CPU OS 10_3_1 like Mac OS X; en_us)"
14.222.182.180 - - [13/May/2017:09:39:08 +0000] "GET /audio/2.mp3 HTTP/1.1" 206 66169 "-" "AppleCoreMedia/1.0.0.14E304 (iPhone; U; CPU OS 10_3_1 like Mac OS X; en_us)"
14.222.182.180 - - [13/May/2017:09:39:14 +0000] "GET /donate HTTP/1.1" 301 3648 "-" "Mozilla/5.0 (iPhone; CPU iPhone OS 10_3_1 like Mac OS X) AppleWebKit/603.1.30 (KHTML, like Gecko) Version/10.0 Mobile/14E304 Safari/602.1"
14.222.182.180 - - [13/May/2017:09:39:14 +0000] "GET /donate/ HTTP/1.1" 200 2394 "-" "Mozilla/5.0 (iPhone; CPU iPhone OS 10_3_1 like Mac OS X) AppleWebKit/603.1.30 (KHTML, like Gecko) Version/10.0 Mobile/14E304 Safari/602.1"
14.222.182.180 - - [13/May/2017:09:39:14 +0000] "GET /css/style.css HTTP/1.1" 200 2721 "https://techfusionfm.com/donate/" "Mozilla/5.0 (iPhone; CPU iPhone OS 10_3_1 like Mac OS X) AppleWebKit/603.1.30 (KHTML, like Gecko) Version/10.0 Mobile/14E304 Safari/602.1"
14.222.182.180 - - [13/May/2017:09:39:14 +0000] "GET /js/jquery.js HTTP/1.1" 200 33833 "https://techfusionfm.com/donate/" "Mozilla/5.0 (iPhone; CPU iPhone OS 10_3_1 like Mac OS X) AppleWebKit/603.1.30 (KHTML, like Gecko) Version/10.0 Mobile/14E304 Safari/602.1"
14.222.182.180 - - [13/May/2017:09:39:15 +0000] "GET /css/font-awesome.min.css HTTP/1.1" 200 5634 "https://techfusionfm.com/donate/" "Mozilla/5.0 (iPhone; CPU iPhone OS 10_3_1 like Mac OS X) AppleWebKit/603.1.30 (KHTML, like Gecko) Version/10.0 Mobile/14E304 Safari/602.1"
14.222.182.180 - - [13/May/2017:09:39:15 +0000] "GET /css/blog_basic.css HTTP/1.1" 200 2943 "https://techfusionfm.com/donate/" "Mozilla/5.0 (iPhone; CPU iPhone OS 10_3_1 like Mac OS X) AppleWebKit/603.1.30 (KHTML, like Gecko) Version/10.0 Mobile/14E304 Safari/602.1"
14.222.182.180 - - [13/May/2017:09:39:15 +0000] "GET /js/jquery-migrate-1.2.1.min.js HTTP/1.1" 200 3456 "https://techfusionfm.com/donate/" "Mozilla/5.0 (iPhone; CPU iPhone OS 10_3_1 like Mac OS X) AppleWebKit/603.1.30 (KHTML, like Gecko) Version/10.0 Mobile/14E304 Safari/602.1"
14.222.182.180 - - [13/May/2017:09:39:15 +0000] "GET /js/jquery.appear.js HTTP/1.1" 200 933 "https://techfusionfm.com/donate/" "Mozilla/5.0 (iPhone; CPU iPhone OS 10_3_1 like Mac OS X) AppleWebKit/603.1.30 (KHTML, like Gecko) Version/10.0 Mobile/14E304 Safari/602.1"
14.222.182.180 - - [13/May/2017:09:39:15 +0000] "GET /js/ba.js HTTP/1.1" 200 627 "https://techfusionfm.com/donate/" "Mozilla/5.0 (iPhone; CPU iPhone OS 10_3_1 like Mac OS X) AppleWebKit/603.1.30 (KHTML, like Gecko) Version/10.0 Mobile/14E304 Safari/602.1"
14.222.182.180 - - [13/May/2017:09:39:15 +0000] "GET /js/ga.js HTTP/1.1" 200 717 "https://techfusionfm.com/donate/" "Mozilla/5.0 (iPhone; CPU iPhone OS 10_3_1 like Mac OS X) AppleWebKit/603.1.30 (KHTML, like Gecko) Version/10.0 Mobile/14E304 Safari/602.1"
14.222.182.180 - - [13/May/2017:09:39:15 +0000] "GET /images/donate.svg HTTP/1.1" 200 974 "https://techfusionfm.com/donate/" "Mozilla/5.0 (iPhone; CPU iPhone OS 10_3_1 like Mac OS X) AppleWebKit/603.1.30 (KHTML, like Gecko) Version/10.0 Mobile/14E304 Safari/602.1"
14.222.182.180 - - [13/May/2017:09:39:14 +0000] "GET /images/logo@2x.png HTTP/1.1" 200 117187 "https://techfusionfm.com/donate/" "Mozilla/5.0 (iPhone; CPU iPhone OS 10_3_1 like Mac OS X) AppleWebKit/603.1.30 (KHTML, like Gecko) Version/10.0 Mobile/14E304 Safari/602.1"
45.56.75.7 - - [13/May/2017:09:39:15 +0000] "GET /podcast.xml HTTP/1.1" 200 18955 "-" "Tentacles, Like iTunes"
14.222.182.180 - - [13/May/2017:09:39:15 +0000] "GET /fonts/fontawesome-webfont.woff?v=4.2.0 HTTP/1.1" 200 98527 "https://techfusionfm.com/donate/" "Mozilla/5.0 (iPhone; CPU iPhone OS 10_3_1 like Mac OS X) AppleWebKit/603.1.30 (KHTML, like Gecko) Version/10.0 Mobile/14E304 Safari/602.1"
14.222.182.180 - - [13/May/2017:09:39:55 +0000] "GET / HTTP/1.1" 200 4257 "https://techfusionfm.com/donate/" "Mozilla/5.0 (iPhone; CPU iPhone OS 10_3_1 like Mac OS X) AppleWebKit/603.1.30 (KHTML, like Gecko) Version/10.0 Mobile/14E304 Safari/602.1"
218.83.38.101 - - [13/May/2017:09:39:57 +0000] "GET /podcast.xml HTTP/1.1" 200 18755 "-" "iTunes/12.6 (Macintosh; OS X 10.12.4) AppleWebKit/603.1.30.0.34"
14.222.182.180 - - [13/May/2017:09:40:03 +0000] "GET /faq HTTP/1.1" 301 781 "https://techfusionfm.com/" "Mozilla/5.0 (iPhone; CPU iPhone OS 10_3_1 like Mac OS X) AppleWebKit/603.1.30 (KHTML, like Gecko) Version/10.0 Mobile/14E304 Safari/602.1"
14.222.182.180 - - [13/May/2017:09:40:03 +0000] "GET /faq/ HTTP/1.1" 200 4535 "https://techfusionfm.com/" "Mozilla/5.0 (iPhone; CPU iPhone OS 10_3_1 like Mac OS X) AppleWebKit/603.1.30 (KHTML, like Gecko) Version/10.0 Mobile/14E304 Safari/602.1"
104.237.141.147 - - [13/May/2017:09:40:30 +0000] "GET /podcast.xml HTTP/1.1" 200 18755 "-" "Overcast/1.0 Podcast Sync (112 subscribers; feed-id=542448; +http://overcast.fm/)"
14.222.182.180 - - [13/May/2017:09:41:26 +0000] "GET /audio/1.mp3 HTTP/1.1" 206 3395 "-" "itunesstored/1.0 iOS/10.3.1 model/iPhone8,4 hwp/s8003 build/14E304 (6; dt:129)"
14.222.182.180 - - [13/May/2017:09:41:27 +0000] "GET /audio/1.mp3 HTTP/1.1" 206 3395 "-" "AppleCoreMedia/1.0.0.14E304 (iPhone; U; CPU OS 10_3_1 like Mac OS X; en_us)"
14.222.182.180 - - [13/May/2017:09:41:28 +0000] "GET /audio/1.mp3 HTTP/1.1" 206 66169 "-" "AppleCoreMedia/1.0.0.14E304 (iPhone; U; CPU OS 10_3_1 like Mac OS X; en_us)"
1.180.212.106 - - [13/May/2017:09:41:32 +0000] "GET /podcast.xml HTTP/1.1" 200 18792 "-" "%E6%92%AD%E5%AE%A2/1150.47 CFNetwork/811.4.18 Darwin/16.5.0"
14.222.182.180 - - [13/May/2017:09:39:07 +0000] "GET /audio/2.mp3 HTTP/1.1" 206 26872246 "-" "AppleCoreMedia/1.0.0.14E304 (iPhone; U; CPU OS 10_3_1 like Mac OS X; en_us)"
1.180.212.106 - - [13/May/2017:09:41:33 +0000] "GET /images/logo@2x.png HTTP/1.1" 200 120048 "-" "%E6%92%AD%E5%AE%A2/1150.47 CFNetwork/811.4.18 Darwin/16.5.0"
113.89.238.82 - - [13/May/2017:09:41:52 +0000] "GET /podcast.xml HTTP/1.1" 200 18792 "-" "%E6%92%AD%E5%AE%A2/1150.47 CFNetwork/811.4.18 Darwin/16.5.0"
14.222.182.180 - - [13/May/2017:09:42:08 +0000] "GET /audio/9.mp3 HTTP/1.1" 206 3394 "-" "AppleCoreMedia/1.0.0.14E304 (iPhone; U; CPU OS 10_3_1 like Mac OS X; en_us)"
14.222.182.180 - - [13/May/2017:09:42:09 +0000] "GET /audio/9.mp3 HTTP/1.1" 206 81538 "-" "AppleCoreMedia/1.0.0.14E304 (iPhone; U; CPU OS 10_3_1 like Mac OS X; en_us)"
14.222.182.180 - - [13/May/2017:09:42:10 +0000] "GET /audio/9.mp3 HTTP/1.1" 206 78677 "-" "AppleCoreMedia/1.0.0.14E304 (iPhone; U; CPU OS 10_3_1 like Mac OS X; en_us)"
222.64.108.125 - - [13/May/2017:09:42:16 +0000] "GET /podcast.xml HTTP/1.1" 200 18792 "-" "%E6%92%AD%E5%AE%A2/1150.47 CFNetwork/811.4.18 Darwin/16.5.0"
222.64.108.125 - - [13/May/2017:09:42:20 +0000] "GET /images/logo@2x.png HTTP/1.1" 200 120048 "-" "%E6%92%AD%E5%AE%A2/1150.47 CFNetwork/811.4.18 Darwin/16.5.0"
106.61.5.210 - - [13/May/2017:09:42:34 +0000] "GET /podcast.xml HTTP/1.1" 200 18792 "-" "%E6%92%AD%E5%AE%A2/1150.47 CFNetwork/811.4.18 Darwin/16.5.0"
106.61.5.210 - - [13/May/2017:09:42:35 +0000] "GET /images/logo@2x.png HTTP/1.1" 200 120048 "-" "%E6%92%AD%E5%AE%A2/1150.47 CFNetwork/811.4.18 Darwin/16.5.0"
63.143.42.245 - - [13/May/2017:09:42:35 +0000] "HEAD / HTTP/1.1" 200 3193 "https://TechFusionFM.com" "Mozilla/5.0+(compatible; UptimeRobot/2.0; http://www.uptimerobot.com/)"
14.222.182.180 - - [13/May/2017:09:42:11 +0000] "GET /audio/9.mp3 HTTP/1.1" 206 627029 "-" "AppleCoreMedia/1.0.0.14E304 (iPhone; U; CPU OS 10_3_1 like Mac OS X; en_us)"
104.237.141.147 - - [13/May/2017:09:42:47 +0000] "GET /podcast.xml HTTP/1.1" 200 18755 "-" "Overcast/1.0 Podcast Sync (112 subscribers; feed-id=542448; +http://overcast.fm/)"
14.222.182.180 - - [13/May/2017:09:41:27 +0000] "GET /audio/1.mp3 HTTP/1.1" 206 1730878 "-" "AppleCoreMedia/1.0.0.14E304 (iPhone; U; CPU OS 10_3_1 like Mac OS X; en_us)"
14.222.182.180 - - [13/May/2017:09:42:55 +0000] "GET /audio/1.mp3 HTTP/1.1" 304 3212 "-" "AppleCoreMedia/1.0.0.14E304 (iPhone; U; CPU OS 10_3_1 like Mac OS X; en_us)"
14.222.182.180 - - [13/May/2017:09:43:25 +0000] "GET /audio/1.mp3 HTTP/1.1" 304 3212 "-" "AppleCoreMedia/1.0.0.14E304 (iPhone; U; CPU OS 10_3_1 like Mac OS X; en_us)"
117.136.79.113 - - [13/May/2017:09:43:32 +0000] "GET /podcast.xml HTTP/1.1" 200 18792 "-" "%E6%92%AD%E5%AE%A2/1150.47 CFNetwork/811.4.18 Darwin/16.5.0"
104.238.141.30 - - [13/May/2017:09:43:35 +0000] "GET /podcast.xml HTTP/1.1" 200 18792 "-" "%E6%92%AD%E5%AE%A2/1150.47 CFNetwork/811.4.18 Darwin/16.5.0"
14.222.182.180 - - [13/May/2017:09:43:40 +0000] "GET /audio/12.mp3 HTTP/1.1" 206 3394 "-" "AppleCoreMedia/1.0.0.14E304 (iPhone; U; CPU OS 10_3_1 like Mac OS X; en_us)"
14.222.182.180 - - [13/May/2017:09:43:41 +0000] "GET /audio/12.mp3 HTTP/1.1" 206 81538 "-" "AppleCoreMedia/1.0.0.14E304 (iPhone; U; CPU OS 10_3_1 like Mac OS X; en_us)"
14.222.182.180 - - [13/May/2017:09:43:41 +0000] "GET /audio/12.mp3 HTTP/1.1" 206 78677 "-" "AppleCoreMedia/1.0.0.14E304 (iPhone; U; CPU OS 10_3_1 like Mac OS X; en_us)"
171.34.202.33 - - [13/May/2017:09:43:46 +0000] "GET /podcast.xml HTTP/1.1" 200 18792 "-" "%E6%92%AD%E5%AE%A2/1150.47 CFNetwork/811.4.18 Darwin/16.5.0"
14.222.182.180 - - [13/May/2017:09:43:43 +0000] "GET /audio/12.mp3 HTTP/1.1" 206 160073 "-" "AppleCoreMedia/1.0.0.14E304 (iPhone; U; CPU OS 10_3_1 like Mac OS X; en_us)"
14.222.182.180 - - [13/May/2017:09:43:54 +0000] "GET /audio/12.mp3 HTTP/1.1" 304 3212 "-" "AppleCoreMedia/1.0.0.14E304 (iPhone; U; CPU OS 10_3_1 like Mac OS X; en_us)"
223.140.219.109 - - [13/May/2017:09:44:17 +0000] "GET /podcast.xml HTTP/1.1" 200 18792 "-" "Podcast/1150.47 CFNetwork/811.4.18 Darwin/16.5.0"
14.222.182.180 - - [13/May/2017:09:43:54 +0000] "GET /audio/12.mp3 HTTP/1.1" 206 621322 "-" "AppleCoreMedia/1.0.0.14E304 (iPhone; U; CPU OS 10_3_1 like Mac OS X; en_us)"
120.18.199.78 - - [13/May/2017:09:45:00 +0000] "GET /podcast.xml HTTP/1.1" 200 18792 "-" "%E6%92%AD%E5%AE%A2/1150.47 CFNetwork/811.4.18 Darwin/16.5.0"
223.140.219.109 - - [13/May/2017:09:45:00 +0000] "GET /images/logo@2x.png HTTP/1.1" 200 120048 "-" "Podcast/1150.47 CFNetwork/811.4.18 Darwin/16.5.0"
218.83.38.101 - - [13/May/2017:09:39:58 +0000] "GET /audio/13.mp3 HTTP/1.1" 200 42478545 "-" "iTunes/12.6 (Macintosh; OS X 10.12.4) AppleWebKit/603.1.30.0.34"
14.222.182.180 - - [13/May/2017:09:45:06 +0000] "GET /audio/6.mp3 HTTP/1.1" 206 3394 "-" "AppleCoreMedia/1.0.0.14E304 (iPhone; U; CPU OS 10_3_1 like Mac OS X; en_us)"
104.156.49.164 - - [13/May/2017:09:45:11 +0000] "GET /images/logo@2x.png HTTP/1.1" 200 120011 "-" "Go-http-client/1.1"
101.228.34.157 - - [13/May/2017:09:26:53 +0000] "GET /audio/8.mp3 HTTP/1.1" 200 14045878 "-" "iTunes/12.6 (Macintosh; OS X 10.12.4) AppleWebKit/603.1.30.0.34 hwp/t8002"
36.62.91.147 - - [13/May/2017:09:45:33 +0000] "GET /podcast.xml HTTP/1.1" 200 18792 "-" "%E6%92%AD%E5%AE%A2/1136 CFNetwork/808.1.4 Darwin/16.1.0"
104.156.49.164 - - [13/May/2017:09:45:33 +0000] "GET /images/logo@2x.png HTTP/1.1" 200 120011 "-" "Go-http-client/1.1"
14.222.182.180 - - [13/May/2017:09:45:37 +0000] "GET /audio/6.mp3 HTTP/1.1" 206 3394 "-" "AppleCoreMedia/1.0.0.14E304 (iPhone; U; CPU OS 10_3_1 like Mac OS X; en_us)"
14.222.182.180 - - [13/May/2017:09:45:38 +0000] "GET /audio/6.mp3 HTTP/1.1" 206 81538 "-" "AppleCoreMedia/1.0.0.14E304 (iPhone; U; CPU OS 10_3_1 like Mac OS X; en_us)"
36.62.91.147 - - [13/May/2017:09:45:39 +0000] "GET /images/logo@2x.png HTTP/1.1" 200 81538 "-" "%E6%92%AD%E5%AE%A2/1136 CFNetwork/808.1.4 Darwin/16.1.0"
14.222.182.180 - - [13/May/2017:09:45:39 +0000] "GET /audio/6.mp3 HTTP/1.1" 206 67253 "-" "AppleCoreMedia/1.0.0.14E304 (iPhone; U; CPU OS 10_3_1 like Mac OS X; en_us)"
104.237.137.166 - - [13/May/2017:09:45:40 +0000] "GET /podcast.xml HTTP/1.1" 301 562 "-" "Overcast/1.0 Podcast Sync (1 subscribers; feed-id=540400; +http://overcast.fm/)"
104.237.137.166 - - [13/May/2017:09:45:40 +0000] "GET /podcast.xml HTTP/1.1" 200 18755 "http://techfusionfm.com/podcast.xml" "Go-http-client/1.1"
104.237.141.147 - - [13/May/2017:09:45:44 +0000] "GET /podcast.xml HTTP/1.1" 200 18755 "-" "Overcast/1.0 Podcast Sync (112 subscribers; feed-id=542448; +http://overcast.fm/)"
210.61.148.13 - - [13/May/2017:09:45:33 +0000] "GET /audio/13.mp3 HTTP/1.1" 200 42478582 "-" "Overcast/3.0 (+http://overcast.fm/; iOS podcast app)"
14.222.182.180 - - [13/May/2017:09:45:40 +0000] "GET /audio/6.mp3 HTTP/1.1" 206 465665 "-" "AppleCoreMedia/1.0.0.14E304 (iPhone; U; CPU OS 10_3_1 like Mac OS X; en_us)"
173.255.242.104 - - [13/May/2017:09:46:09 +0000] "GET /podcast.xml HTTP/1.1" 200 18792 "-" "%E6%92%AD%E5%AE%A2/1150.47 CFNetwork/811.4.18 Darwin/16.5.0"
2a01:7e00::f03c:91ff:fe1f:7011 - - [13/May/2017:09:46:45 +0000] "GET /podcast.xml HTTP/1.0" 200 96447 "-" "RSSRadio (Push Notification Scanner;support@dorada.co.uk)"
14.222.182.180 - - [13/May/2017:09:46:58 +0000] "-" 408 0 "-" "-"
113.246.53.3 - - [13/May/2017:09:47:16 +0000] "GET /podcast.xml HTTP/1.1" 200 18792 "-" "%E6%92%AD%E5%AE%A2/1150.47 CFNetwork/811.4.18 Darwin/16.5.0"
218.10.3.230 - - [13/May/2017:09:47:20 +0000] "GET /podcast.xml HTTP/1.1" 200 18792 "-" "%E6%92%AD%E5%AE%A2/1150.47 CFNetwork/811.4.18 Darwin/16.5.0"
14.222.182.180 - - [13/May/2017:09:47:34 +0000] "GET /audio/6.mp3 HTTP/1.1" 304 3212 "-" "AppleCoreMedia/1.0.0.14E304 (iPhone; U; CPU OS 10_3_1 like Mac OS X; en_us)"
63.143.42.245 - - [13/May/2017:09:47:35 +0000] "HEAD / HTTP/1.1" 200 3193 "https://TechFusionFM.com" "Mozilla/5.0+(compatible; UptimeRobot/2.0; http://www.uptimerobot.com/)"
218.10.3.230 - - [13/May/2017:09:47:40 +0000] "GET /images/logo@2x.png HTTP/1.1" 200 120048 "-" "%E6%92%AD%E5%AE%A2/1150.47 CFNetwork/811.4.18 Darwin/16.5.0"
194.116.240.125 - - [13/May/2017:09:47:53 +0000] "HEAD /podcast.xml HTTP/1.1" 301 215 "-" "-"
194.116.240.125 - - [13/May/2017:09:47:53 +0000] "HEAD /podcast.xml HTTP/1.1" 301 215 "-" "-"
194.116.240.125 - - [13/May/2017:09:47:54 +0000] "GET /podcast.xml HTTP/1.0" 301 562 "-" "-"
194.116.240.125 - - [13/May/2017:09:47:56 +0000] "GET /podcast.xml HTTP/1.1" 200 18736 "https://techfusionfm.com/podcast.xml" "iTunes/10.3.1 (Windows; Microsoft Windows 7 x64 Home Premium Edition Service Pack 1 (Build 7601)) AppleWebKit/533.21.1SimplePie/1.2.1-dev (Feed Parser; http://simplepie.org; Allow like Gecko) Build/20160916080743"
14.222.182.180 - - [13/May/2017:09:47:34 +0000] "GET /audio/6.mp3 HTTP/1.1" 206 561346 "-" "AppleCoreMedia/1.0.0.14E304 (iPhone; U; CPU OS 10_3_1 like Mac OS X; en_us)"
14.222.182.180 - - [13/May/2017:09:47:57 +0000] "GET /audio/12.mp3 HTTP/1.1" 206 3394 "-" "AppleCoreMedia/1.0.0.14E304 (iPhone; U; CPU OS 10_3_1 like Mac OS X; en_us)"
14.222.182.180 - - [13/May/2017:09:47:58 +0000] "GET /audio/12.mp3 HTTP/1.1" 206 81538 "-" "AppleCoreMedia/1.0.0.14E304 (iPhone; U; CPU OS 10_3_1 like Mac OS X; en_us)"
14.222.182.180 - - [13/May/2017:09:47:58 +0000] "GET /audio/12.mp3 HTTP/1.1" 206 78677 "-" "AppleCoreMedia/1.0.0.14E304 (iPhone; U; CPU OS 10_3_1 like Mac OS X; en_us)"
14.222.182.180 - - [13/May/2017:09:47:59 +0000] "GET /audio/12.mp3 HTTP/1.1" 206 1166813 "-" "AppleCoreMedia/1.0.0.14E304 (iPhone; U; CPU OS 10_3_1 like Mac OS X; en_us)"
14.222.182.180 - - [13/May/2017:09:48:56 +0000] "-" 408 0 "-" "-"
104.237.141.147 - - [13/May/2017:09:49:02 +0000] "GET /podcast.xml HTTP/1.1" 200 18755 "-" "Overcast/1.0 Podcast Sync (113 subscribers; feed-id=542448; +http://overcast.fm/)"
173.230.150.137 - - [13/May/2017:09:49:07 +0000] "GET /podcast.xml HTTP/1.1" 200 18792 "-" "%E6%92%AD%E5%AE%A2/1150.47 CFNetwork/811.4.18 Darwin/16.5.0"
173.230.150.137 - - [13/May/2017:09:49:18 +0000] "GET /images/logo@2x.png HTTP/1.1" 200 120048 "-" "%E6%92%AD%E5%AE%A2/1150.47 CFNetwork/811.4.18 Darwin/16.5.0"
112.10.26.71 - - [13/May/2017:09:49:57 +0000] "GET /podcast.xml HTTP/1.1" 200 18792 "-" "Podcasts/1150.47 CFNetwork/811.4.18 Darwin/16.5.0"
183.236.3.15 - - [13/May/2017:09:17:04 +0000] "GET /audio/12.mp3 HTTP/1.1" 206 26224789 "-" "stagefright/1.2 (Linux;Android 5.1.1)"
223.197.186.189 - - [13/May/2017:09:51:06 +0000] "GET /podcast.xml HTTP/1.1" 200 18792 "-" "%E6%92%AD%E5%AE%A2/1150.47 CFNetwork/811.4.18 Darwin/16.5.0"
223.197.186.189 - - [13/May/2017:09:51:14 +0000] "GET /images/logo@2x.png HTTP/1.1" 200 120048 "-" "%E6%92%AD%E5%AE%A2/1150.47 CFNetwork/811.4.18 Darwin/16.5.0"
173.230.150.137 - - [13/May/2017:09:51:25 +0000] "GET /podcast.xml HTTP/1.1" 200 15931 "-" "%E6%92%AD%E5%AE%A2/1150.47 CFNetwork/811.4.18 Darwin/16.5.0"
104.237.141.147 - - [13/May/2017:09:51:51 +0000] "GET /podcast.xml HTTP/1.1" 200 18755 "-" "Overcast/1.0 Podcast Sync (113 subscribers; feed-id=542448; +http://overcast.fm/)"
222.72.193.235 - - [13/May/2017:09:52:07 +0000] "GET /podcast.xml HTTP/1.1" 200 18792 "-" "%E6%92%AD%E5%AE%A2/1150.47 CFNetwork/811.4.18 Darwin/16.5.0"
222.72.193.235 - - [13/May/2017:09:52:08 +0000] "GET /images/logo@2x.png HTTP/1.1" 200 120048 "-" "%E6%92%AD%E5%AE%A2/1150.47 CFNetwork/811.4.18 Darwin/16.5.0"
63.143.42.245 - - [13/May/2017:09:52:35 +0000] "HEAD / HTTP/1.1" 200 3193 "https://TechFusionFM.com" "Mozilla/5.0+(compatible; UptimeRobot/2.0; http://www.uptimerobot.com/)"
221.205.194.30 - - [13/May/2017:09:52:44 +0000] "GET /podcast.xml HTTP/1.1" 200 18792 "-" "%E6%92%AD%E5%AE%A2/1150.47 CFNetwork/811.4.18 Darwin/16.5.0"
118.74.32.27 - - [13/May/2017:09:52:53 +0000] "GET /podcast.xml HTTP/1.1" 200 18792 "-" "%E6%92%AD%E5%AE%A2/1150.47 CFNetwork/811.5.4 Darwin/16.6.0"
14.222.182.180 - - [13/May/2017:09:43:26 +0000] "GET /audio/1.mp3 HTTP/1.1" 206 124797129 "-" "AppleCoreMedia/1.0.0.14E304 (iPhone; U; CPU OS 10_3_1 like Mac OS X; en_us)"
14.222.182.180 - - [13/May/2017:09:53:38 +0000] "GET /podcast.xml HTTP/1.1" 200 18792 "-" "itunesstored/1.0 iOS/10.3.1 model/iPhone8,4 hwp/s8003 build/14E304 (6; dt:129)"
116.231.160.8 - - [13/May/2017:09:53:55 +0000] "GET /podcast.xml HTTP/1.1" 200 18792 "-" "%E6%92%AD%E5%AE%A2/1150.47 CFNetwork/811.4.18 Darwin/16.5.0"
104.237.141.147 - - [13/May/2017:09:54:17 +0000] "GET /podcast.xml HTTP/1.1" 200 18755 "-" "Overcast/1.0 Podcast Sync (113 subscribers; feed-id=542448; +http://overcast.fm/)"
45.33.120.48 - - [13/May/2017:09:54:38 +0000] "GET /podcast.xml HTTP/1.1" 200 18955 "-" "Tentacles, Like iTunes"
36.149.235.216 - - [13/May/2017:09:54:40 +0000] "GET /podcast.xml HTTP/1.1" 200 18792 "-" "%E6%92%AD%E5%AE%A2/1150.47 CFNetwork/811.4.18 Darwin/16.5.0"
112.85.160.244 - - [13/May/2017:09:54:58 +0000] "GET /podcast.xml HTTP/1.1" 200 18792 "-" "Podcasts/1140.8 CFNetwork/808.3 Darwin/16.3.0"
80.6.162.230 - - [13/May/2017:09:55:11 +0000] "GET /podcast.xml HTTP/1.1" 200 18755 "-" "iTunes/12.6 (Macintosh; OS X 10.12.3) AppleWebKit/602.4.8"
112.85.160.244 - - [13/May/2017:09:55:16 +0000] "GET /images/logo@2x.png HTTP/1.1" 200 120048 "-" "Podcasts/1140.8 CFNetwork/808.3 Darwin/16.3.0"
80.6.162.230 - - [13/May/2017:09:55:20 +0000] "GET /podcast.xml HTTP/1.1" 200 15894 "-" "iTunes/12.6 (Macintosh; OS X 10.12.3) AppleWebKit/602.4.8"
27.154.87.244 - - [13/May/2017:09:55:20 +0000] "GET /podcast.xml HTTP/1.1" 200 18999 "-" "%E6%92%AD%E5%AE%A2/740.56 CFNetwork/711.4.6 Darwin/14.0.0"
123.147.244.81 - - [13/May/2017:09:56:10 +0000] "GET /podcast.xml HTTP/1.1" 200 18792 "-" "%E6%92%AD%E5%AE%A2/1150.47 CFNetwork/811.4.18 Darwin/16.5.0"
123.147.244.81 - - [13/May/2017:09:56:11 +0000] "GET /images/logo@2x.png HTTP/1.1" 200 120048 "-" "%E6%92%AD%E5%AE%A2/1150.47 CFNetwork/811.4.18 Darwin/16.5.0"
104.237.141.147 - - [13/May/2017:09:56:48 +0000] "GET /podcast.xml HTTP/1.1" 200 18755 "-" "Overcast/1.0 Podcast Sync (113 subscribers; feed-id=542448; +http://overcast.fm/)"
63.143.42.245 - - [13/May/2017:09:57:35 +0000] "HEAD / HTTP/1.1" 200 3193 "https://TechFusionFM.com" "Mozilla/5.0+(compatible; UptimeRobot/2.0; http://www.uptimerobot.com/)"
1.180.212.106 - - [13/May/2017:09:31:06 +0000] "GET /audio/12.mp3 HTTP/1.1" 200 32878190 "-" "iTunes/12.6 (Windows; Microsoft Windows 10.0 x64 Home Premium Edition (Build 15063); x64) AppleWebKit/7603.1030.4006.6"
61.148.243.162 - - [13/May/2017:09:58:00 +0000] "GET /images/logo@2x.png HTTP/1.1" 200 120048 "-" "%E6%92%AD%E5%AE%A2/1150.47 CFNetwork/811.4.18 Darwin/16.5.0"
116.231.160.8 - - [13/May/2017:09:57:57 +0000] "GET /images/logo@2x.png HTTP/1.1" 200 117187 "-" "%E6%92%AD%E5%AE%A2/1150.47 CFNetwork/811.4.18 Darwin/16.5.0"
45.33.75.134 - - [13/May/2017:09:58:44 +0000] "GET /podcast.xml HTTP/1.1" 200 18792 "-" "PocketCasts/1.0 (Pocket Casts Feed Parser; +http://pocketcasts.com/)"
116.231.160.8 - - [13/May/2017:09:54:15 +0000] "GET /images/logo@2x.png HTTP/1.1" 200 71010 "-" "%E6%92%AD%E5%AE%A2/1150.47 CFNetwork/811.4.18 Darwin/16.5.0"
146.196.52.50 - - [13/May/2017:09:59:29 +0000] "GET /podcast.xml HTTP/1.1" 200 18792 "-" "%E6%92%AD%E5%AE%A2/1125.29 CFNetwork/758.5.3 Darwin/15.6.0"
17.124.176.103 - - [13/May/2017:09:59:30 +0000] "HEAD /podcast.xml HTTP/1.1" 200 2998 "-" "iTMS"
17.124.176.103 - - [13/May/2017:09:59:30 +0000] "HEAD /podcast.xml HTTP/1.1" 200 291 "-" "iTMS"
17.124.176.105 - - [13/May/2017:09:59:31 +0000] "GET /podcast.xml HTTP/1.1" 200 93367 "-" "iTMS"
17.124.176.105 - - [13/May/2017:09:59:31 +0000] "GET /podcast.xml HTTP/1.1" 200 93367 "-" "Jakarta Commons-HttpClient/3.1"
