101.199.112.45 - - [13/May/2017:11:10:19 +0000] "GET /js/jquery.appear.js HTTP/1.1" 200 1088 "https://www.techfusionfm.com/" "Mozilla/5.0 (Linux; U; Android 5.0.2; zh-CN; Redmi Note 3 Build/LRX22G) AppleWebKit/537.36 (KHTML, like Gecko) Version/4.0 OPR/11.2.3.102637 Mobile Safari/537.36"
101.199.112.45 - - [13/May/2017:11:10:19 +0000] "GET /js/ba.js HTTP/1.1" 200 639 "https://www.techfusionfm.com/" "Mozilla/5.0 (Linux; U; Android 5.0.2; zh-CN; Redmi Note 3 Build/LRX22G) AppleWebKit/537.36 (KHTML, like Gecko) Version/4.0 OPR/11.2.3.102637 Mobile Safari/537.36"
101.199.112.45 - - [13/May/2017:11:10:19 +0000] "GET /js/ga.js HTTP/1.1" 200 735 "https://www.techfusionfm.com/" "Mozilla/5.0 (Linux; U; Android 5.0.2; zh-CN; Redmi Note 3 Build/LRX22G) AppleWebKit/537.36 (KHTML, like Gecko) Version/4.0 OPR/11.2.3.102637 Mobile Safari/537.36"
101.199.112.45 - - [13/May/2017:11:10:19 +0000] "GET /fonts/fontawesome-webfont.woff?v=4.2.0 HTTP/1.1" 200 98579 "https://www.techfusionfm.com/" "Mozilla/5.0 (Linux; U; Android 5.0.2; zh-CN; Redmi Note 3 Build/LRX22G) AppleWebKit/537.36 (KHTML, like Gecko) Version/4.0 OPR/11.2.3.102637 Mobile Safari/537.36"
220.181.132.196 - - [13/May/2017:11:10:20 +0000] "GET /3/ HTTP/1.1" 200 7571 "-" "Mozilla/5.0 (Linux; U; Android 5.0.2; zh-CN; Redmi Note 3 Build/LRX22G) AppleWebKit/537.36 (KHTML, like Gecko) Version/4.0 OPR/11.2.3.102637 Mobile Safari/537.36"
220.181.132.196 - - [13/May/2017:11:10:20 +0000] "GET /css/style.css HTTP/1.1" 200 2724 "https://www.techfusionfm.com/3/" "Mozilla/5.0 (Linux; U; Android 5.0.2; zh-CN; Redmi Note 3 Build/LRX22G) AppleWebKit/537.36 (KHTML, like Gecko) Version/4.0 OPR/11.2.3.102637 Mobile Safari/537.36"
220.181.132.196 - - [13/May/2017:11:10:20 +0000] "GET /css/blog_basic.css HTTP/1.1" 200 2820 "https://www.techfusionfm.com/3/" "Mozilla/5.0 (Linux; U; Android 5.0.2; zh-CN; Redmi Note 3 Build/LRX22G) AppleWebKit/537.36 (KHTML, like Gecko) Version/4.0 OPR/11.2.3.102637 Mobile Safari/537.36"
220.181.132.196 - - [13/May/2017:11:10:21 +0000] "GET /css/font-awesome.min.css HTTP/1.1" 200 5653 "https://www.techfusionfm.com/3/" "Mozilla/5.0 (Linux; U; Android 5.0.2; zh-CN; Redmi Note 3 Build/LRX22G) AppleWebKit/537.36 (KHTML, like Gecko) Version/4.0 OPR/11.2.3.102637 Mobile Safari/537.36"
220.181.132.196 - - [13/May/2017:11:10:21 +0000] "GET /js/jquery.js HTTP/1.1" 200 34025 "https://www.techfusionfm.com/3/" "Mozilla/5.0 (Linux; U; Android 5.0.2; zh-CN; Redmi Note 3 Build/LRX22G) AppleWebKit/537.36 (KHTML, like Gecko) Version/4.0 OPR/11.2.3.102637 Mobile Safari/537.36"
220.181.132.196 - - [13/May/2017:11:10:21 +0000] "GET /js/jquery-migrate-1.2.1.min.js HTTP/1.1" 200 3605 "https://www.techfusionfm.com/3/" "Mozilla/5.0 (Linux; U; Android 5.0.2; zh-CN; Redmi Note 3 Build/LRX22G) AppleWebKit/537.36 (KHTML, like Gecko) Version/4.0 OPR/11.2.3.102637 Mobile Safari/537.36"
220.181.132.196 - - [13/May/2017:11:10:21 +0000] "GET /js/jquery.appear.js HTTP/1.1" 200 1088 "https://www.techfusionfm.com/3/" "Mozilla/5.0 (Linux; U; Android 5.0.2; zh-CN; Redmi Note 3 Build/LRX22G) AppleWebKit/537.36 (KHTML, like Gecko) Version/4.0 OPR/11.2.3.102637 Mobile Safari/537.36"
220.181.132.196 - - [13/May/2017:11:10:21 +0000] "GET /js/ba.js HTTP/1.1" 200 784 "https://www.techfusionfm.com/3/" "Mozilla/5.0 (Linux; U; Android 5.0.2; zh-CN; Redmi Note 3 Build/LRX22G) AppleWebKit/537.36 (KHTML, like Gecko) Version/4.0 OPR/11.2.3.102637 Mobile Safari/537.36"
220.181.132.196 - - [13/May/2017:11:10:21 +0000] "GET /js/ga.js HTTP/1.1" 200 735 "https://www.techfusionfm.com/3/" "Mozilla/5.0 (Linux; U; Android 5.0.2; zh-CN; Redmi Note 3 Build/LRX22G) AppleWebKit/537.36 (KHTML, like Gecko) Version/4.0 OPR/11.2.3.102637 Mobile Safari/537.36"
220.181.132.196 - - [13/May/2017:11:10:21 +0000] "GET /fonts/fontawesome-webfont.woff?v=4.2.0 HTTP/1.1" 200 98579 "https://www.techfusionfm.com/3/" "Mozilla/5.0 (Linux; U; Android 5.0.2; zh-CN; Redmi Note 3 Build/LRX22G) AppleWebKit/537.36 (KHTML, like Gecko) Version/4.0 OPR/11.2.3.102637 Mobile Safari/537.36"
2a01:7e00::f03c:91ff:fe84:1a30 - - [13/May/2017:11:10:24 +0000] "GET /podcast.xml HTTP/1.0" 200 96447 "-" "RSSRadio (Push Notification Scanner;support@dorada.co.uk)"
211.145.48.225 - - [13/May/2017:11:10:35 +0000] "GET /podcast.xml HTTP/1.1" 200 18792 "-" "%E6%92%AD%E5%AE%A2/1150.47 CFNetwork/811.4.18 Darwin/16.5.0"
211.145.48.225 - - [13/May/2017:11:10:36 +0000] "GET /images/logo@2x.png HTTP/1.1" 200 120048 "-" "%E6%92%AD%E5%AE%A2/1150.47 CFNetwork/811.4.18 Darwin/16.5.0"
117.25.79.171 - - [13/May/2017:11:10:42 +0000] "GET /podcast.xml HTTP/1.1" 200 18792 "-" "%E6%92%AD%E5%AE%A2/1125.29 CFNetwork/758.5.3 Darwin/15.6.0"
45.32.206.26 - - [13/May/2017:11:11:01 +0000] "GET /audio/13.mp3 HTTP/1.1" 206 3394 "-" "AppleCoreMedia/1.0.0.14E304 (iPhone; U; CPU OS 10_3_1 like Mac OS X; zh_cn)"
45.32.206.26 - - [13/May/2017:11:11:04 +0000] "GET /audio/13.mp3 HTTP/1.1" 206 66168 "-" "AppleCoreMedia/1.0.0.14E304 (iPhone; U; CPU OS 10_3_1 like Mac OS X; zh_cn)"
58.60.1.69 - - [13/May/2017:11:11:40 +0000] "GET /audio/13.mp3 HTTP/1.1" 304 3212 "-" "AppleCoreMedia/1.0.0.14E304 (iPad; U; CPU OS 10_3_1 like Mac OS X; zh_cn)"
58.60.1.69 - - [13/May/2017:11:11:41 +0000] "GET /audio/13.mp3 HTTP/1.1" 206 693694 "-" "AppleCoreMedia/1.0.0.14E304 (iPad; U; CPU OS 10_3_1 like Mac OS X; zh_cn)"
180.157.66.66 - - [13/May/2017:11:12:12 +0000] "GET /podcast.xml HTTP/1.1" 200 18792 "-" "%E6%92%AD%E5%AE%A2/1150.47 CFNetwork/811.4.18 Darwin/16.5.0"
58.60.1.69 - - [13/May/2017:11:09:39 +0000] "GET /audio/13.mp3 HTTP/1.1" 206 17778646 "-" "AppleCoreMedia/1.0.0.14E304 (iPad; U; CPU OS 10_3_1 like Mac OS X; zh_cn)"
58.60.1.69 - - [13/May/2017:11:09:58 +0000] "GET /audio/13.mp3 HTTP/1.1" 206 6583332 "-" "AppleCoreMedia/1.0.0.14E304 (iPad; U; CPU OS 10_3_1 like Mac OS X; zh_cn)"
63.143.42.245 - - [13/May/2017:11:12:34 +0000] "HEAD / HTTP/1.1" 200 3193 "https://TechFusionFM.com" "Mozilla/5.0+(compatible; UptimeRobot/2.0; http://www.uptimerobot.com/)"
223.104.5.230 - - [13/May/2017:11:12:40 +0000] "GET /podcast.xml HTTP/1.1" 200 18792 "-" "%E6%92%AD%E5%AE%A2/1150.47 CFNetwork/811.4.18 Darwin/16.5.0"
115.198.249.218 - - [13/May/2017:11:12:42 +0000] "GET /podcast.xml HTTP/1.1" 200 18792 "-" "Podcast/1150.47 CFNetwork/811.4.18 Darwin/16.5.0"
104.237.141.147 - - [13/May/2017:11:12:46 +0000] "GET /podcast.xml HTTP/1.1" 200 18755 "-" "Overcast/1.0 Podcast Sync (112 subscribers; feed-id=542448; +http://overcast.fm/)"
101.81.5.47 - - [13/May/2017:11:12:51 +0000] "GET /podcast.xml HTTP/1.1" 200 18792 "-" "%E6%92%AD%E5%AE%A2/1150.47 CFNetwork/811.5.4 Darwin/16.6.0"
221.237.84.204 - - [13/May/2017:11:12:40 +0000] "GET /audio/13.mp3 HTTP/1.1" 200 362998 "-" "Overcast/3.0 (+http://overcast.fm/; iOS podcast app)"
221.237.84.204 - - [13/May/2017:11:13:09 +0000] "GET /audio/13.mp3 HTTP/1.1" 206 730198 "-" "Overcast/3.0 (+http://overcast.fm/; iOS podcast app)"
39.7.47.185 - - [13/May/2017:11:14:00 +0000] "GET /podcast.xml HTTP/1.1" 200 18792 "-" "%E6%92%AD%E5%AE%A2/1150.47 CFNetwork/811.4.18 Darwin/16.5.0"
221.237.84.204 - - [13/May/2017:11:10:36 +0000] "GET /audio/3.mp3 HTTP/1.1" 206 2931877 "https://www.techfusionfm.com/3/" "Mozilla/5.0 (Windows NT 10.0; WOW64) AppleWebKit/537.36 (KHTML, like Gecko) Chrome/50.0.2661.102 Safari/537.36"
221.237.84.204 - - [13/May/2017:11:14:19 +0000] "GET /podcast.xml HTTP/1.1" 200 15931 "http://pca.st/P1WF" "Mozilla/5.0 (Windows NT 10.0; WOW64) AppleWebKit/537.36 (KHTML, like Gecko) Chrome/50.0.2661.102 Safari/537.36"
221.237.84.204 - - [13/May/2017:11:14:20 +0000] "GET /favicon.ico HTTP/1.1" 404 5508 "https://techfusionfm.com/podcast.xml" "Mozilla/5.0 (Windows NT 10.0; WOW64) AppleWebKit/537.36 (KHTML, like Gecko) Chrome/50.0.2661.102 Safari/537.36"
115.198.249.218 - - [13/May/2017:11:14:26 +0000] "GET /images/logo@2x.png HTTP/1.1" 200 120048 "-" "Podcast/1150.47 CFNetwork/811.4.18 Darwin/16.5.0"
58.60.1.69 - - [13/May/2017:11:15:11 +0000] "-" 408 0 "-" "-"
66.102.6.222 - - [13/May/2017:11:15:13 +0000] "GET / HTTP/1.1" 200 7313 "-" "Mozilla/5.0 (X11; Linux x86_64) AppleWebKit/537.36 (KHTML, like Gecko) Chrome/49.0.2623.75 Safari/537.36 Google Favicon"
66.102.6.194 - - [13/May/2017:11:15:13 +0000] "GET /images/favicon.png HTTP/1.1" 200 35015 "-" "Mozilla/5.0 (X11; Linux x86_64) AppleWebKit/537.36 (KHTML, like Gecko) Chrome/49.0.2623.75 Safari/537.36 Google Favicon"
182.97.89.222 - - [13/May/2017:11:04:51 +0000] "GET /audio/13.mp3 HTTP/1.1" 200 29344749 "-" "Overcast/3.0 (+http://overcast.fm/; iOS podcast app)"
114.248.127.170 - - [13/May/2017:11:15:40 +0000] "GET /podcast.xml HTTP/1.1" 200 18987 "-" "Mozilla/5.0 (compatible; MSIE 10.0; Windows NT 6.2; WOW64; Trident/6.0)"
104.237.141.147 - - [13/May/2017:11:16:08 +0000] "GET /podcast.xml HTTP/1.1" 200 18755 "-" "Overcast/1.0 Podcast Sync (112 subscribers; feed-id=542448; +http://overcast.fm/)"
45.32.206.26 - - [13/May/2017:11:16:31 +0000] "-" 408 0 "-" "-"
1.202.16.33 - - [13/May/2017:11:17:01 +0000] "GET /podcast.xml HTTP/1.1" 200 18792 "-" "%E6%92%AD%E5%AE%A2/1150.47 CFNetwork/811.4.18 Darwin/16.5.0"
1.202.16.33 - - [13/May/2017:11:17:06 +0000] "GET /images/logo@2x.png HTTP/1.1" 200 120048 "-" "%E6%92%AD%E5%AE%A2/1150.47 CFNetwork/811.4.18 Darwin/16.5.0"
63.143.42.245 - - [13/May/2017:11:17:34 +0000] "HEAD / HTTP/1.1" 200 3193 "https://TechFusionFM.com" "Mozilla/5.0+(compatible; UptimeRobot/2.0; http://www.uptimerobot.com/)"
17.124.176.101 - - [13/May/2017:11:17:39 +0000] "HEAD /podcast.xml HTTP/1.1" 200 2998 "-" "iTMS"
17.124.176.101 - - [13/May/2017:11:17:39 +0000] "HEAD /podcast.xml HTTP/1.1" 200 291 "-" "iTMS"
17.124.176.106 - - [13/May/2017:11:17:40 +0000] "GET /podcast.xml HTTP/1.1" 200 93367 "-" "iTMS"
17.124.176.99 - - [13/May/2017:11:17:40 +0000] "GET /podcast.xml HTTP/1.1" 200 93367 "-" "Jakarta Commons-HttpClient/3.1"
58.60.1.69 - - [13/May/2017:11:11:40 +0000] "GET /audio/13.mp3 HTTP/1.1" 206 27781465 "-" "AppleCoreMedia/1.0.0.14E304 (iPad; U; CPU OS 10_3_1 like Mac OS X; zh_cn)"
180.165.206.212 - - [13/May/2017:11:18:05 +0000] "GET /podcast.xml HTTP/1.1" 200 18792 "-" "%E6%92%AD%E5%AE%A2/1150.47 CFNetwork/811.4.18 Darwin/16.5.0"
54.164.160.104 - - [13/May/2017:11:18:32 +0000] "GET /podcast.xml HTTP/1.1" 200 18741 "-" "RawVoice Generator/1.6.0 (http://www.blubrry.com/)"
104.237.141.147 - - [13/May/2017:11:19:05 +0000] "GET /podcast.xml HTTP/1.1" 200 18755 "-" "Overcast/1.0 Podcast Sync (113 subscribers; feed-id=542448; +http://overcast.fm/)"
220.197.196.180 - - [13/May/2017:11:19:06 +0000] "GET /podcast.xml HTTP/1.1" 200 18792 "-" "Podcast/1150.47 CFNetwork/811.4.18 Darwin/16.5.0"
220.197.196.180 - - [13/May/2017:11:19:08 +0000] "GET /images/logo@2x.png HTTP/1.1" 200 120048 "-" "Podcast/1150.47 CFNetwork/811.4.18 Darwin/16.5.0"
221.237.84.204 - - [13/May/2017:11:19:11 +0000] "HEAD /audio/9.mp3 HTTP/1.1" 200 2998 "-" "Podcasts/2.6"
36.149.107.216 - - [13/May/2017:11:19:11 +0000] "GET /podcast.xml HTTP/1.1" 200 18792 "-" "%E6%92%AD%E5%AE%A2/1150.47 CFNetwork/811.4.18 Darwin/16.5.0"
221.237.84.204 - - [13/May/2017:11:19:15 +0000] "HEAD /audio/10.mp3 HTTP/1.1" 200 324 "-" "Podcasts/2.6"
221.237.84.204 - - [13/May/2017:11:19:16 +0000] "GET /audio/9.mp3 HTTP/1.1" 206 3394 "-" "AppleCoreMedia/1.0.0.14E304 (iPhone; U; CPU OS 10_3_1 like Mac OS X; zh_cn)"
221.237.84.204 - - [13/May/2017:11:19:17 +0000] "GET /audio/10.mp3 HTTP/1.1" 206 3394 "-" "AppleCoreMedia/1.0.0.14E304 (iPhone; U; CPU OS 10_3_1 like Mac OS X; zh_cn)"
221.237.84.204 - - [13/May/2017:11:19:18 +0000] "HEAD /audio/11.mp3 HTTP/1.1" 200 323 "-" "Podcasts/2.6"
221.237.84.204 - - [13/May/2017:11:19:19 +0000] "GET /audio/9.mp3 HTTP/1.1" 206 66168 "-" "AppleCoreMedia/1.0.0.14E304 (iPhone; U; CPU OS 10_3_1 like Mac OS X; zh_cn)"
221.237.84.204 - - [13/May/2017:11:19:19 +0000] "GET /audio/11.mp3 HTTP/1.1" 206 3394 "-" "AppleCoreMedia/1.0.0.14E304 (iPhone; U; CPU OS 10_3_1 like Mac OS X; zh_cn)"
221.237.84.204 - - [13/May/2017:11:19:21 +0000] "GET /audio/10.mp3 HTTP/1.1" 206 66168 "-" "AppleCoreMedia/1.0.0.14E304 (iPhone; U; CPU OS 10_3_1 like Mac OS X; zh_cn)"
221.237.84.204 - - [13/May/2017:11:19:22 +0000] "GET /audio/11.mp3 HTTP/1.1" 206 66168 "-" "AppleCoreMedia/1.0.0.14E304 (iPhone; U; CPU OS 10_3_1 like Mac OS X; zh_cn)"
36.106.60.91 - - [13/May/2017:11:19:30 +0000] "GET /audio/13.mp3 HTTP/1.1" 304 3212 "-" "AppleCoreMedia/1.0.0.14E304 (iPhone; U; CPU OS 10_3_1 like Mac OS X; zh_cn)"
45.32.206.26 - - [13/May/2017:11:19:39 +0000] "GET /audio/13.mp3 HTTP/1.1" 304 3212 "-" "AppleCoreMedia/1.0.0.14E304 (iPhone; U; CPU OS 10_3_1 like Mac OS X; zh_cn)"
221.237.84.204 - - [13/May/2017:11:19:19 +0000] "GET /audio/10.mp3 HTTP/1.1" 206 259318 "-" "AppleCoreMedia/1.0.0.14E304 (iPhone; U; CPU OS 10_3_1 like Mac OS X; zh_cn)"
221.237.84.204 - - [13/May/2017:11:19:21 +0000] "GET /audio/11.mp3 HTTP/1.1" 206 388918 "-" "AppleCoreMedia/1.0.0.14E304 (iPhone; U; CPU OS 10_3_1 like Mac OS X; zh_cn)"
221.237.84.204 - - [13/May/2017:11:19:42 +0000] "GET /audio/11.mp3 HTTP/1.1" 304 3212 "-" "AppleCoreMedia/1.0.0.14E304 (iPhone; U; CPU OS 10_3_1 like Mac OS X; zh_cn)"
221.237.84.204 - - [13/May/2017:11:19:43 +0000] "GET /audio/11.mp3 HTTP/1.1" 206 101854 "-" "AppleCoreMedia/1.0.0.14E304 (iPhone; U; CPU OS 10_3_1 like Mac OS X; zh_cn)"
221.237.84.204 - - [13/May/2017:11:19:44 +0000] "GET /audio/10.mp3 HTTP/1.1" 304 3212 "-" "AppleCoreMedia/1.0.0.14E304 (iPhone; U; CPU OS 10_3_1 like Mac OS X; zh_cn)"
221.237.84.204 - - [13/May/2017:11:19:45 +0000] "GET /audio/10.mp3 HTTP/1.1" 206 101854 "-" "AppleCoreMedia/1.0.0.14E304 (iPhone; U; CPU OS 10_3_1 like Mac OS X; zh_cn)"
221.237.84.204 - - [13/May/2017:11:19:18 +0000] "GET /audio/9.mp3 HTTP/1.1" 206 540118 "-" "AppleCoreMedia/1.0.0.14E304 (iPhone; U; CPU OS 10_3_1 like Mac OS X; zh_cn)"
221.237.84.204 - - [13/May/2017:11:19:49 +0000] "GET /audio/9.mp3 HTTP/1.1" 304 3212 "-" "AppleCoreMedia/1.0.0.14E304 (iPhone; U; CPU OS 10_3_1 like Mac OS X; zh_cn)"
221.237.84.204 - - [13/May/2017:11:19:49 +0000] "GET /audio/9.mp3 HTTP/1.1" 206 233159 "-" "AppleCoreMedia/1.0.0.14E304 (iPhone; U; CPU OS 10_3_1 like Mac OS X; zh_cn)"
218.68.72.210 - - [13/May/2017:11:20:19 +0000] "GET /podcast.xml HTTP/1.1" 200 18792 "-" "%E6%92%AD%E5%AE%A2/1150.47 CFNetwork/811.4.18 Darwin/16.5.0"
103.240.126.13 - - [13/May/2017:11:20:45 +0000] "GET /podcast.xml HTTP/1.1" 200 18792 "-" "Podcasts/1150.47 CFNetwork/811.4.18 Darwin/16.5.0"
45.32.206.26 - - [13/May/2017:11:11:02 +0000] "GET /audio/13.mp3 HTTP/1.1" 206 15987874 "-" "AppleCoreMedia/1.0.0.14E304 (iPhone; U; CPU OS 10_3_1 like Mac OS X; zh_cn)"
45.33.75.134 - - [13/May/2017:11:20:46 +0000] "GET /podcast.xml HTTP/1.1" 200 18792 "-" "PocketCasts/1.0 (Pocket Casts Feed Parser; +http://pocketcasts.com/)"
103.240.126.13 - - [13/May/2017:11:20:53 +0000] "GET /images/logo@2x.png HTTP/1.1" 200 120048 "-" "Podcasts/1150.47 CFNetwork/811.4.18 Darwin/16.5.0"
123.123.207.18 - - [13/May/2017:11:20:59 +0000] "GET /podcast.xml HTTP/1.1" 200 18755 "-" "iTunes/12.6 (Macintosh; OS X 10.12.4) AppleWebKit/603.1.30.0.34"
114.245.144.122 - - [13/May/2017:11:21:15 +0000] "GET /podcast.xml HTTP/1.1" 200 18792 "-" "%E6%92%AD%E5%AE%A2/1150.47 CFNetwork/811.5.4 Darwin/16.6.0"
45.56.75.7 - - [13/May/2017:11:21:21 +0000] "GET /podcast.xml HTTP/1.1" 200 18955 "-" "Tentacles, Like iTunes"
113.89.238.86 - - [13/May/2017:11:21:38 +0000] "GET /podcast.xml HTTP/1.1" 200 18792 "-" "%E6%92%AD%E5%AE%A2/1150.47 CFNetwork/811.4.18 Darwin/16.5.0"
180.165.206.212 - - [13/May/2017:11:21:56 +0000] "GET /images/logo@2x.png HTTP/1.1" 200 120048 "-" "%E6%92%AD%E5%AE%A2/1150.47 CFNetwork/811.4.18 Darwin/16.5.0"
104.237.141.147 - - [13/May/2017:11:22:24 +0000] "GET /podcast.xml HTTP/1.1" 200 18755 "-" "Overcast/1.0 Podcast Sync (113 subscribers; feed-id=542448; +http://overcast.fm/)"
63.143.42.245 - - [13/May/2017:11:22:34 +0000] "HEAD / HTTP/1.1" 200 3193 "https://TechFusionFM.com" "Mozilla/5.0+(compatible; UptimeRobot/2.0; http://www.uptimerobot.com/)"
221.237.84.204 - - [13/May/2017:11:19:44 +0000] "GET /audio/11.mp3 HTTP/1.1" 206 26034918 "-" "AppleCoreMedia/1.0.0.14E304 (iPhone; U; CPU OS 10_3_1 like Mac OS X; zh_cn)"
221.237.84.204 - - [13/May/2017:11:22:50 +0000] "GET /images/logo@2x.png HTTP/1.1" 200 120048 "-" "itunesstored/1.0 iOS/10.3.1 model/iPhone6,2 hwp/s5l8960x build/14E304 (6; dt:90)"
124.160.217.45 - - [13/May/2017:11:23:21 +0000] "GET /podcast.xml HTTP/1.1" 200 18792 "-" "%E6%92%AD%E5%AE%A2/1150.47 CFNetwork/811.4.18 Darwin/16.5.0"
36.106.60.91 - - [13/May/2017:11:24:01 +0000] "GET /audio/13.mp3 HTTP/1.1" 304 3212 "-" "AppleCoreMedia/1.0.0.14E304 (iPhone; U; CPU OS 10_3_1 like Mac OS X; zh_cn)"
113.129.108.145 - - [13/May/2017:11:24:13 +0000] "GET /podcast.xml HTTP/1.1" 200 18792 "-" "%E6%92%AD%E5%AE%A2/1150.47 CFNetwork/811.4.18 Darwin/16.5.0"
36.106.60.91 - - [13/May/2017:11:24:03 +0000] "GET /audio/13.mp3 HTTP/1.1" 206 5241718 "-" "AppleCoreMedia/1.0.0.14E304 (iPhone; U; CPU OS 10_3_1 like Mac OS X; zh_cn)"
117.25.79.171 - - [13/May/2017:11:24:40 +0000] "GET /podcast.xml HTTP/1.1" 200 18792 "-" "%E6%92%AD%E5%AE%A2/1125.29 CFNetwork/758.5.3 Darwin/15.6.0"
45.32.206.26 - - [13/May/2017:11:19:41 +0000] "GET /audio/13.mp3 HTTP/1.1" 206 10524502 "-" "AppleCoreMedia/1.0.0.14E304 (iPhone; U; CPU OS 10_3_1 like Mac OS X; zh_cn)"
104.237.137.166 - - [13/May/2017:11:24:48 +0000] "GET /podcast.xml HTTP/1.1" 301 562 "-" "Overcast/1.0 Podcast Sync (1 subscribers; feed-id=540400; +http://overcast.fm/)"
45.32.206.26 - - [13/May/2017:11:24:48 +0000] "GET /audio/13.mp3 HTTP/1.1" 304 3212 "-" "AppleCoreMedia/1.0.0.14E304 (iPhone; U; CPU OS 10_3_1 like Mac OS X; zh_cn)"
104.237.137.166 - - [13/May/2017:11:24:49 +0000] "GET /podcast.xml HTTP/1.1" 200 18755 "http://techfusionfm.com/podcast.xml" "Go-http-client/1.1"
117.25.79.171 - - [13/May/2017:11:24:51 +0000] "GET /images/logo@2x.png HTTP/1.1" 200 120048 "-" "%E6%92%AD%E5%AE%A2/1125.29 CFNetwork/758.5.3 Darwin/15.6.0"
104.237.141.147 - - [13/May/2017:11:25:10 +0000] "GET /podcast.xml HTTP/1.1" 200 18755 "-" "Overcast/1.0 Podcast Sync (113 subscribers; feed-id=542448; +http://overcast.fm/)"
45.32.206.26 - - [13/May/2017:11:25:10 +0000] "-" 408 0 "-" "-"
221.237.84.204 - - [13/May/2017:11:25:13 +0000] "-" 408 0 "-" "-"
221.237.84.204 - - [13/May/2017:11:25:20 +0000] "-" 408 0 "-" "-"
183.228.187.78 - - [13/May/2017:11:25:50 +0000] "GET /podcast.xml HTTP/1.1" 200 18792 "-" "%E6%92%AD%E5%AE%A2/1150.47 CFNetwork/811.4.18 Darwin/16.5.0"
183.228.187.78 - - [13/May/2017:11:25:51 +0000] "GET /images/logo@2x.png HTTP/1.1" 200 120048 "-" "%E6%92%AD%E5%AE%A2/1150.47 CFNetwork/811.4.18 Darwin/16.5.0"
221.237.84.204 - - [13/May/2017:11:19:46 +0000] "GET /audio/10.mp3 HTTP/1.1" 206 54900744 "-" "AppleCoreMedia/1.0.0.14E304 (iPhone; U; CPU OS 10_3_1 like Mac OS X; zh_cn)"
140.206.89.69 - - [13/May/2017:11:26:22 +0000] "GET /podcast.xml HTTP/1.1" 200 18792 "-" "%E6%92%AD%E5%AE%A2/1150.47 CFNetwork/811.4.18 Darwin/16.5.0"
117.25.79.171 - - [13/May/2017:11:26:31 +0000] "HEAD /audio/13.mp3 HTTP/1.1" 200 2998 "-" "Podcasts/2.4"
104.156.49.164 - - [13/May/2017:11:26:35 +0000] "GET /images/logo@2x.png HTTP/1.1" 200 120011 "-" "Go-http-client/1.1"
117.25.79.171 - - [13/May/2017:11:26:35 +0000] "HEAD /audio/10.mp3 HTTP/1.1" 200 324 "-" "Podcasts/2.4"
117.25.79.171 - - [13/May/2017:11:26:37 +0000] "HEAD /audio/12.mp3 HTTP/1.1" 200 323 "-" "Podcasts/2.4"
117.25.79.171 - - [13/May/2017:11:26:38 +0000] "HEAD /audio/11.mp3 HTTP/1.1" 200 323 "-" "Podcasts/2.4"
117.25.79.171 - - [13/May/2017:11:26:40 +0000] "GET /audio/13.mp3 HTTP/1.1" 206 3394 "-" "AppleCoreMedia/1.0.0.13G36 (iPad; U; CPU OS 9_3_5 like Mac OS X; zh_cn)"
183.0.227.239 - - [13/May/2017:11:26:43 +0000] "GET /podcast.xml HTTP/1.1" 200 18792 "-" "%E6%92%AD%E5%AE%A2/1150.47 CFNetwork/811.5.1 Darwin/16.6.0"
117.25.79.171 - - [13/May/2017:11:26:43 +0000] "GET /audio/13.mp3 HTTP/1.1" 206 66168 "-" "AppleCoreMedia/1.0.0.13G36 (iPad; U; CPU OS 9_3_5 like Mac OS X; zh_cn)"
117.25.79.171 - - [13/May/2017:11:26:45 +0000] "GET /audio/12.mp3 HTTP/1.1" 206 533 "-" "AppleCoreMedia/1.0.0.13G36 (iPad; U; CPU OS 9_3_5 like Mac OS X; zh_cn)"
117.25.79.171 - - [13/May/2017:11:26:48 +0000] "GET /audio/12.mp3 HTTP/1.1" 206 66168 "-" "AppleCoreMedia/1.0.0.13G36 (iPad; U; CPU OS 9_3_5 like Mac OS X; zh_cn)"
222.211.224.176 - - [13/May/2017:11:26:50 +0000] "GET /podcast.xml HTTP/1.1" 200 18987 "-" "Mozilla/5.0 (compatible; MSIE 10.0; Windows NT 6.2; WOW64; Trident/6.0)"
183.0.227.239 - - [13/May/2017:11:26:48 +0000] "GET /images/logo@2x.png HTTP/1.1" 200 120048 "-" "%E6%92%AD%E5%AE%A2/1150.47 CFNetwork/811.5.1 Darwin/16.6.0"
117.25.79.171 - - [13/May/2017:11:26:52 +0000] "GET /audio/13.mp3 HTTP/1.1" 206 66168 "-" "AppleCoreMedia/1.0.0.13G36 (iPad; U; CPU OS 9_3_5 like Mac OS X; zh_cn)"
2604:a880:1:20::f76:8001 - - [13/May/2017:11:26:53 +0000] "GET /podcast.xml HTTP/1.1" 200 18792 "-" "%E6%92%AD%E5%AE%A2/1150.47 CFNetwork/811.4.18 Darwin/16.5.0"
183.0.227.239 - - [13/May/2017:11:27:11 +0000] "GET /podcast.xml HTTP/1.1" 200 15931 "-" "%E6%92%AD%E5%AE%A2/1150.47 CFNetwork/811.5.1 Darwin/16.6.0"
63.143.42.245 - - [13/May/2017:11:27:34 +0000] "HEAD / HTTP/1.1" 200 3193 "https://TechFusionFM.com" "Mozilla/5.0+(compatible; UptimeRobot/2.0; http://www.uptimerobot.com/)"
104.237.141.147 - - [13/May/2017:11:27:46 +0000] "GET /podcast.xml HTTP/1.1" 200 18755 "-" "Overcast/1.0 Podcast Sync (113 subscribers; feed-id=542448; +http://overcast.fm/)"
2600:3c03::f03c:91ff:fe6e:ab9f - - [13/May/2017:11:27:49 +0000] "GET /podcast.xml HTTP/1.1" 304 3354 "-" "excon/0.54.0"
112.26.69.129 - - [13/May/2017:11:28:13 +0000] "GET /podcast.xml HTTP/1.1" 200 19429 "-" "Mozilla/5.0 (compatible; MSIE 10.0; Windows NT 6.2; WOW64; Trident/6.0)"
112.26.69.129 - - [13/May/2017:11:28:13 +0000] "GET /images/logo@2x.png HTTP/1.1" 200 117049 "-" "Mozilla/5.0 (compatible; MSIE 10.0; Windows NT 6.2; WOW64; Trident/6.0)"
61.167.220.237 - - [13/May/2017:11:28:40 +0000] "GET /podcast.xml HTTP/1.1" 200 18792 "-" "%E6%92%AD%E5%AE%A2/1140.8 CFNetwork/808.3 Darwin/16.3.0"
61.167.220.237 - - [13/May/2017:11:28:53 +0000] "GET /images/logo@2x.png HTTP/1.1" 200 120048 "-" "%E6%92%AD%E5%AE%A2/1140.8 CFNetwork/808.3 Darwin/16.3.0"
101.81.180.122 - - [13/May/2017:11:29:07 +0000] "GET /podcast.xml HTTP/1.1" 200 18792 "-" "%E6%92%AD%E5%AE%A2/1150.47 CFNetwork/811.4.18 Darwin/16.5.0"
45.32.206.26 - - [13/May/2017:11:24:50 +0000] "GET /audio/13.mp3 HTTP/1.1" 206 12442854 "-" "AppleCoreMedia/1.0.0.14E304 (iPhone; U; CPU OS 10_3_1 like Mac OS X; zh_cn)"
101.81.180.122 - - [13/May/2017:11:29:17 +0000] "GET /images/logo@2x.png HTTP/1.1" 200 120048 "-" "%E6%92%AD%E5%AE%A2/1150.47 CFNetwork/811.4.18 Darwin/16.5.0"
45.32.206.26 - - [13/May/2017:11:29:23 +0000] "GET /images/logo@2x.png HTTP/1.1" 200 120048 "-" "itunesstored/1.0 iOS/10.3.1 model/iPhone8,4 hwp/s8000 build/14E304 (6; dt:129)"
117.25.79.171 - - [13/May/2017:11:26:42 +0000] "GET /audio/13.mp3 HTTP/1.1" 206 42475776 "-" "AppleCoreMedia/1.0.0.13G36 (iPad; U; CPU OS 9_3_5 like Mac OS X; zh_cn)"
117.25.79.171 - - [13/May/2017:11:29:40 +0000] "GET /audio/11.mp3 HTTP/1.1" 206 533 "-" "AppleCoreMedia/1.0.0.13G36 (iPad; U; CPU OS 9_3_5 like Mac OS X; zh_cn)"
117.25.79.171 - - [13/May/2017:11:29:40 +0000] "GET /images/logo@2x.png HTTP/1.1" 200 120048 "-" "itunesstored/1.0 iOS/9.3.5 model/iPad2,5 hwp/s5l8942x build/13G36 (5; dt:86)"
117.25.79.171 - - [13/May/2017:11:29:42 +0000] "GET /audio/11.mp3 HTTP/1.1" 206 66168 "-" "AppleCoreMedia/1.0.0.13G36 (iPad; U; CPU OS 9_3_5 like Mac OS X; zh_cn)"
117.25.79.171 - - [13/May/2017:11:29:45 +0000] "GET /audio/11.mp3 HTTP/1.1" 206 66030 "-" "AppleCoreMedia/1.0.0.13G36 (iPad; U; CPU OS 9_3_5 like Mac OS X; zh_cn)"
106.226.66.19 - - [13/May/2017:11:30:07 +0000] "GET /podcast.xml HTTP/1.1" 200 19429 "-" "Mozilla/5.0 (compatible; MSIE 10.0; Windows NT 6.2; WOW64; Trident/6.0)"
106.226.66.19 - - [13/May/2017:11:30:07 +0000] "GET /images/logo@2x.png HTTP/1.1" 200 117049 "-" "Mozilla/5.0 (compatible; MSIE 10.0; Windows NT 6.2; WOW64; Trident/6.0)"
2a01:7e00::f03c:91ff:fe1f:7011 - - [13/May/2017:11:31:05 +0000] "GET /podcast.xml HTTP/1.0" 200 96447 "-" "RSSRadio (Push Notification Scanner;support@dorada.co.uk)"
117.9.243.108 - - [13/May/2017:11:31:19 +0000] "GET /podcast.xml HTTP/1.1" 200 18792 "-" "%E6%92%AD%E5%AE%A2/1150.47 CFNetwork/811.4.18 Darwin/16.5.0"
117.9.243.108 - - [13/May/2017:11:31:20 +0000] "GET /images/logo@2x.png HTTP/1.1" 200 120048 "-" "%E6%92%AD%E5%AE%A2/1150.47 CFNetwork/811.4.18 Darwin/16.5.0"
104.237.141.147 - - [13/May/2017:11:31:26 +0000] "GET /podcast.xml HTTP/1.1" 200 18755 "-" "Overcast/1.0 Podcast Sync (113 subscribers; feed-id=542448; +http://overcast.fm/)"
59.55.228.233 - - [13/May/2017:11:31:58 +0000] "GET /podcast.xml HTTP/1.1" 200 18792 "-" "%E6%92%AD%E5%AE%A2/1150.47 CFNetwork/811.4.18 Darwin/16.5.0"
59.55.228.233 - - [13/May/2017:11:32:00 +0000] "GET /images/logo@2x.png HTTP/1.1" 200 120048 "-" "%E6%92%AD%E5%AE%A2/1150.47 CFNetwork/811.4.18 Darwin/16.5.0"
117.25.79.171 - - [13/May/2017:11:32:16 +0000] "-" 408 0 "-" "-"
117.25.79.171 - - [13/May/2017:11:29:41 +0000] "GET /audio/11.mp3 HTTP/1.1" 206 26232007 "-" "AppleCoreMedia/1.0.0.13G36 (iPad; U; CPU OS 9_3_5 like Mac OS X; zh_cn)"
63.143.42.245 - - [13/May/2017:11:32:34 +0000] "HEAD / HTTP/1.1" 200 3193 "https://TechFusionFM.com" "Mozilla/5.0+(compatible; UptimeRobot/2.0; http://www.uptimerobot.com/)"
221.237.84.204 - - [13/May/2017:11:19:55 +0000] "GET /audio/9.mp3 HTTP/1.1" 206 10294560 "-" "AppleCoreMedia/1.0.0.14E304 (iPhone; U; CPU OS 10_3_1 like Mac OS X; zh_cn)"
121.227.32.173 - - [13/May/2017:11:32:56 +0000] "GET /podcast.xml HTTP/1.1" 200 18792 "-" "%E6%92%AD%E5%AE%A2/1150.47 CFNetwork/811.4.18 Darwin/16.5.0"
121.227.32.173 - - [13/May/2017:11:33:01 +0000] "GET /images/logo@2x.png HTTP/1.1" 200 120048 "-" "%E6%92%AD%E5%AE%A2/1150.47 CFNetwork/811.4.18 Darwin/16.5.0"
113.225.211.184 - - [13/May/2017:11:33:12 +0000] "GET /podcast.xml HTTP/1.1" 200 18792 "-" "%E6%92%AD%E5%AE%A2/1150.47 CFNetwork/811.4.18 Darwin/16.5.0"
104.237.141.147 - - [13/May/2017:11:33:50 +0000] "GET /podcast.xml HTTP/1.1" 200 18755 "-" "Overcast/1.0 Podcast Sync (113 subscribers; feed-id=542448; +http://overcast.fm/)"
221.172.207.237 - - [13/May/2017:11:34:21 +0000] "GET /podcast.xml HTTP/1.1" 200 18792 "-" "%E6%92%AD%E5%AE%A2/1150.47 CFNetwork/811.4.18 Darwin/16.5.0"
221.172.207.237 - - [13/May/2017:11:34:27 +0000] "GET /images/logo@2x.png HTTP/1.1" 200 120048 "-" "%E6%92%AD%E5%AE%A2/1150.47 CFNetwork/811.4.18 Darwin/16.5.0"
115.192.184.216 - - [13/May/2017:11:34:39 +0000] "GET /podcast.xml HTTP/1.1" 200 18792 "-" "%E6%92%AD%E5%AE%A2/1140.8 CFNetwork/808.3 Darwin/16.3.0"
121.227.32.173 - - [13/May/2017:11:34:40 +0000] "GET /podcast.xml HTTP/1.1" 200 15931 "-" "%E6%92%AD%E5%AE%A2/1150.47 CFNetwork/811.4.18 Darwin/16.5.0"
221.172.207.237 - - [13/May/2017:11:34:42 +0000] "HEAD /audio/13.mp3 HTTP/1.1" 200 2998 "-" "Podcasts/2.6"
115.192.184.216 - - [13/May/2017:11:34:40 +0000] "GET /images/logo@2x.png HTTP/1.1" 200 120048 "-" "%E6%92%AD%E5%AE%A2/1140.8 CFNetwork/808.3 Darwin/16.3.0"
221.172.207.237 - - [13/May/2017:11:35:09 +0000] "GET /podcast.xml HTTP/1.1" 200 18792 "-" "%E6%92%AD%E5%AE%A2/1150.47 CFNetwork/811.4.18 Darwin/16.5.0"
104.237.141.147 - - [13/May/2017:11:36:31 +0000] "GET /podcast.xml HTTP/1.1" 200 18755 "-" "Overcast/1.0 Podcast Sync (113 subscribers; feed-id=542448; +http://overcast.fm/)"
45.56.75.7 - - [13/May/2017:11:37:08 +0000] "GET /podcast.xml HTTP/1.1" 200 18955 "-" "Tentacles, Like iTunes"
52.196.229.231 - - [13/May/2017:11:37:12 +0000] "GET /podcast.xml HTTP/1.1" 200 18741 "-" "Mozilla/5.0 (Windows NT 6.2; WOW64) AppleWebKit/537.36 (KHTML, like Gecko) Chrome/27.0.1453.93 Safari/537.36"
63.143.42.245 - - [13/May/2017:11:37:34 +0000] "HEAD / HTTP/1.1" 200 3193 "https://TechFusionFM.com" "Mozilla/5.0+(compatible; UptimeRobot/2.0; http://www.uptimerobot.com/)"
118.74.32.27 - - [13/May/2017:11:37:52 +0000] "GET /podcast.xml HTTP/1.1" 200 18792 "-" "%E6%92%AD%E5%AE%A2/1150.47 CFNetwork/811.5.4 Darwin/16.6.0"
117.25.79.171 - - [13/May/2017:11:38:04 +0000] "GET /audio/10.mp3 HTTP/1.1" 206 3394 "-" "AppleCoreMedia/1.0.0.13G36 (iPad; U; CPU OS 9_3_5 like Mac OS X; zh_cn)"
117.25.79.171 - - [13/May/2017:11:38:06 +0000] "GET /audio/10.mp3 HTTP/1.1" 206 66168 "-" "AppleCoreMedia/1.0.0.13G36 (iPad; U; CPU OS 9_3_5 like Mac OS X; zh_cn)"
117.25.79.171 - - [13/May/2017:11:38:10 +0000] "GET /audio/10.mp3 HTTP/1.1" 206 66030 "-" "AppleCoreMedia/1.0.0.13G36 (iPad; U; CPU OS 9_3_5 like Mac OS X; zh_cn)"
182.123.99.252 - - [13/May/2017:11:38:21 +0000] "GET /podcast.xml HTTP/1.1" 200 18999 "-" "iTunes-iPhone/6.1.3 (6; 16GB; dt:73)"
182.123.99.252 - - [13/May/2017:11:38:25 +0000] "GET /audio/12.mp3 HTTP/1.1" 304 3283 "-" "AppleCoreMedia/1.0.0.10B329 (iPhone; U; CPU OS 6_1_3 like Mac OS X; zh_cn)"
221.237.84.204 - - [13/May/2017:11:32:45 +0000] "GET /audio/9.mp3 HTTP/1.1" 206 4075318 "-" "AppleCoreMedia/1.0.0.14E304 (iPhone; U; CPU OS 10_3_1 like Mac OS X; zh_cn)"
182.123.99.252 - - [13/May/2017:11:38:25 +0000] "GET /audio/12.mp3 HTTP/1.1" 206 1991074 "-" "AppleCoreMedia/1.0.0.10B329 (iPhone; U; CPU OS 6_1_3 like Mac OS X; zh_cn)"
218.90.17.102 - - [13/May/2017:11:39:18 +0000] "-" 408 2947 "-" "-"
182.48.105.140 - - [13/May/2017:11:39:21 +0000] "GET /podcast.xml HTTP/1.1" 200 18792 "-" "Podcasts/1140.8 CFNetwork/808.2.16 Darwin/16.3.0"
116.233.29.80 - - [13/May/2017:11:40:00 +0000] "GET /podcast.xml HTTP/1.1" 200 18792 "-" "%E6%92%AD%E5%AE%A2/1150.47 CFNetwork/811.4.18 Darwin/16.5.0"
104.237.141.147 - - [13/May/2017:11:40:08 +0000] "GET /podcast.xml HTTP/1.1" 200 18755 "-" "Overcast/1.0 Podcast Sync (113 subscribers; feed-id=542448; +http://overcast.fm/)"
183.0.227.239 - - [13/May/2017:11:40:26 +0000] "GET /podcast.xml HTTP/1.1" 200 18792 "-" "%E6%92%AD%E5%AE%A2/1150.47 CFNetwork/811.5.1 Darwin/16.6.0"
183.0.227.239 - - [13/May/2017:11:40:32 +0000] "GET /images/logo@2x.png HTTP/1.1" 200 120048 "-" "%E6%92%AD%E5%AE%A2/1150.47 CFNetwork/811.5.1 Darwin/16.6.0"
45.33.75.134 - - [13/May/2017:11:41:36 +0000] "GET /podcast.xml HTTP/1.1" 200 18792 "-" "PocketCasts/1.0 (Pocket Casts Feed Parser; +http://pocketcasts.com/)"
140.206.89.97 - - [13/May/2017:11:41:48 +0000] "GET /images/logo@2x.png HTTP/1.1" 200 120048 "-" "%E6%92%AD%E5%AE%A2/1150.47 CFNetwork/811.4.18 Darwin/16.5.0"
1.180.212.189 - - [13/May/2017:11:42:11 +0000] "GET /podcast.xml HTTP/1.1" 200 18792 "-" "%E6%92%AD%E5%AE%A2/1150.47 CFNetwork/811.4.18 Darwin/16.5.0"
1.180.212.189 - - [13/May/2017:11:42:23 +0000] "GET /images/logo@2x.png HTTP/1.1" 200 120048 "-" "%E6%92%AD%E5%AE%A2/1150.47 CFNetwork/811.4.18 Darwin/16.5.0"
112.85.160.244 - - [13/May/2017:11:42:27 +0000] "GET /podcast.xml HTTP/1.1" 200 18792 "-" "Podcasts/1140.8 CFNetwork/808.3 Darwin/16.3.0"
114.80.12.34 - - [13/May/2017:11:42:33 +0000] "GET /podcast.xml HTTP/1.1" 200 18792 "-" "%E6%92%AD%E5%AE%A2/1150.47 CFNetwork/811.4.18 Darwin/16.5.0"
63.143.42.245 - - [13/May/2017:11:42:34 +0000] "HEAD / HTTP/1.1" 200 3193 "https://TechFusionFM.com" "Mozilla/5.0+(compatible; UptimeRobot/2.0; http://www.uptimerobot.com/)"
114.80.12.34 - - [13/May/2017:11:42:37 +0000] "GET /images/logo@2x.png HTTP/1.1" 200 120048 "-" "%E6%92%AD%E5%AE%A2/1150.47 CFNetwork/811.4.18 Darwin/16.5.0"
221.237.84.204 - - [13/May/2017:11:38:42 +0000] "GET /audio/9.mp3 HTTP/1.1" 206 3038518 "-" "AppleCoreMedia/1.0.0.14E304 (iPhone; U; CPU OS 10_3_1 like Mac OS X; zh_cn)"
223.104.31.103 - - [13/May/2017:11:43:30 +0000] "GET /podcast.xml HTTP/1.1" 200 18792 "-" "Podcasts/1150.47 CFNetwork/811.4.18 Darwin/16.5.0"
104.237.141.147 - - [13/May/2017:11:43:33 +0000] "GET /podcast.xml HTTP/1.1" 200 18755 "-" "Overcast/1.0 Podcast Sync (113 subscribers; feed-id=542448; +http://overcast.fm/)"
117.25.79.171 - - [13/May/2017:11:43:36 +0000] "-" 408 0 "-" "-"
124.79.172.131 - - [13/May/2017:11:45:36 +0000] "GET /podcast.xml HTTP/1.1" 200 18792 "-" "%E6%92%AD%E5%AE%A2/1150.47 CFNetwork/811.4.18 Darwin/16.5.0"
66.249.77.24 - - [13/May/2017:11:45:55 +0000] "GET / HTTP/1.1" 301 577 "-" "Mozilla/5.0 (compatible; Googlebot/2.1; +http://www.google.com/bot.html)"
66.249.77.7 - - [13/May/2017:11:45:56 +0000] "GET / HTTP/1.1" 200 7313 "-" "Mozilla/5.0 (compatible; Googlebot/2.1; +http://www.google.com/bot.html)"
104.237.137.166 - - [13/May/2017:11:46:30 +0000] "GET /podcast.xml HTTP/1.1" 301 562 "-" "Overcast/1.0 Podcast Sync (1 subscribers; feed-id=540400; +http://overcast.fm/)"
104.237.137.166 - - [13/May/2017:11:46:31 +0000] "GET /podcast.xml HTTP/1.1" 200 18755 "http://techfusionfm.com/podcast.xml" "Go-http-client/1.1"
221.237.84.204 - - [13/May/2017:11:43:51 +0000] "GET /audio/9.mp3 HTTP/1.1" 206 1673417 "-" "AppleCoreMedia/1.0.0.14E304 (iPhone; U; CPU OS 10_3_1 like Mac OS X; zh_cn)"
194.116.240.125 - - [13/May/2017:11:46:52 +0000] "HEAD /podcast.xml HTTP/1.1" 301 215 "-" "-"
194.116.240.125 - - [13/May/2017:11:46:53 +0000] "HEAD /podcast.xml HTTP/1.1" 301 215 "-" "-"
194.116.240.125 - - [13/May/2017:11:46:54 +0000] "GET /podcast.xml HTTP/1.0" 301 562 "-" "-"
194.116.240.125 - - [13/May/2017:11:46:55 +0000] "GET /podcast.xml HTTP/1.1" 200 18736 "https://techfusionfm.com/podcast.xml" "iTunes/10.3.1 (Windows; Microsoft Windows 7 x64 Home Premium Edition Service Pack 1 (Build 7601)) AppleWebKit/533.21.1SimplePie/1.2.1-dev (Feed Parser; http://simplepie.org; Allow like Gecko) Build/20160916080743"
104.237.141.147 - - [13/May/2017:11:47:17 +0000] "GET /podcast.xml HTTP/1.1" 200 18755 "-" "Overcast/1.0 Podcast Sync (113 subscribers; feed-id=542448; +http://overcast.fm/)"
63.143.42.245 - - [13/May/2017:11:47:34 +0000] "HEAD / HTTP/1.1" 200 3193 "https://TechFusionFM.com" "Mozilla/5.0+(compatible; UptimeRobot/2.0; http://www.uptimerobot.com/)"
64.206.141.46 - - [13/May/2017:11:47:58 +0000] "GET /podcast.xml HTTP/1.1" 200 18792 "-" "Podcasts/1140.8 CFNetwork/808.3 Darwin/16.3.0"
36.248.202.201 - - [13/May/2017:11:48:12 +0000] "GET /podcast.xml HTTP/1.1" 200 18792 "-" "%E6%92%AD%E5%AE%A2/1150.47 CFNetwork/811.4.18 Darwin/16.5.0"
198.74.49.78 - - [13/May/2017:11:49:04 +0000] "GET /podcast.xml HTTP/1.1" 200 18792 "-" "%E6%92%AD%E5%AE%A2/1150.47 CFNetwork/811.4.18 Darwin/16.5.0"
180.157.66.66 - - [13/May/2017:11:49:07 +0000] "GET /podcast.xml HTTP/1.1" 200 18792 "-" "%E6%92%AD%E5%AE%A2/1150.47 CFNetwork/811.4.18 Darwin/16.5.0"
202.98.20.238 - - [13/May/2017:11:49:07 +0000] "GET /podcast.xml HTTP/1.1" 200 18792 "-" "%E6%92%AD%E5%AE%A2/1150.47 CFNetwork/811.4.18 Darwin/16.5.0"
180.157.66.66 - - [13/May/2017:11:49:11 +0000] "GET /images/logo@2x.png HTTP/1.1" 200 120048 "-" "%E6%92%AD%E5%AE%A2/1150.47 CFNetwork/811.4.18 Darwin/16.5.0"
202.98.20.238 - - [13/May/2017:11:49:18 +0000] "GET /images/logo@2x.png HTTP/1.1" 200 120048 "-" "%E6%92%AD%E5%AE%A2/1150.47 CFNetwork/811.4.18 Darwin/16.5.0"
36.248.202.201 - - [13/May/2017:11:49:48 +0000] "GET /images/logo@2x.png HTTP/1.1" 200 120048 "-" "%E6%92%AD%E5%AE%A2/1150.47 CFNetwork/811.4.18 Darwin/16.5.0"
125.33.142.162 - - [13/May/2017:11:50:08 +0000] "GET /podcast.xml HTTP/1.1" 200 18792 "-" "%E6%92%AD%E5%AE%A2/1150.47 CFNetwork/811.4.18 Darwin/16.5.0"
125.33.142.162 - - [13/May/2017:11:50:28 +0000] "GET /images/logo@2x.png HTTP/1.1" 200 120048 "-" "%E6%92%AD%E5%AE%A2/1150.47 CFNetwork/811.4.18 Darwin/16.5.0"
104.237.141.147 - - [13/May/2017:11:50:50 +0000] "GET /podcast.xml HTTP/1.1" 200 18755 "-" "Overcast/1.0 Podcast Sync (113 subscribers; feed-id=542448; +http://overcast.fm/)"
182.239.106.142 - - [13/May/2017:11:51:47 +0000] "GET /podcast.xml HTTP/1.1" 200 18792 "-" "Downcast/2.9.16 (iPhone; iOS 10.3.1; Scale/3.00)"
182.239.106.142 - - [13/May/2017:11:51:47 +0000] "GET /images/logo@2x.png HTTP/1.1" 200 117049 "-" "Downcast/2.9.16 (iPhone; iOS 10.3.1; Scale/3.00)"
17.124.176.101 - - [13/May/2017:11:52:31 +0000] "HEAD /podcast.xml HTTP/1.1" 200 2998 "-" "iTMS"
17.124.176.101 - - [13/May/2017:11:52:31 +0000] "HEAD /podcast.xml HTTP/1.1" 200 291 "-" "iTMS"
17.124.176.102 - - [13/May/2017:11:52:31 +0000] "GET /podcast.xml HTTP/1.1" 200 93367 "-" "iTMS"
17.124.176.103 - - [13/May/2017:11:52:32 +0000] "GET /podcast.xml HTTP/1.1" 200 93367 "-" "Jakarta Commons-HttpClient/3.1"
63.143.42.245 - - [13/May/2017:11:52:34 +0000] "HEAD / HTTP/1.1" 200 3193 "https://TechFusionFM.com" "Mozilla/5.0+(compatible; UptimeRobot/2.0; http://www.uptimerobot.com/)"
45.33.120.48 - - [13/May/2017:11:52:38 +0000] "GET /podcast.xml HTTP/1.1" 200 18955 "-" "Tentacles, Like iTunes"
2a01:7e00::f03c:91ff:fe1f:7011 - - [13/May/2017:11:52:57 +0000] "GET /podcast.xml HTTP/1.0" 200 96447 "-" "RSSRadio (Push Notification Scanner;support@dorada.co.uk)"
104.237.141.147 - - [13/May/2017:11:53:13 +0000] "GET /podcast.xml HTTP/1.1" 200 18755 "-" "Overcast/1.0 Podcast Sync (113 subscribers; feed-id=542448; +http://overcast.fm/)"
222.244.83.77 - - [13/May/2017:11:54:21 +0000] "GET /audio/13.mp3 HTTP/1.1" 304 3212 "-" "AppleCoreMedia/1.0.0.14E304 (iPhone; U; CPU OS 10_3_1 like Mac OS X; zh_cn)"
222.244.83.77 - - [13/May/2017:11:54:33 +0000] "GET /audio/12.mp3 HTTP/1.1" 206 3394 "-" "AppleCoreMedia/1.0.0.14E304 (iPhone; U; CPU OS 10_3_1 like Mac OS X; zh_cn)"
222.244.83.77 - - [13/May/2017:11:54:34 +0000] "GET /audio/12.mp3 HTTP/1.1" 206 75466 "-" "AppleCoreMedia/1.0.0.14E304 (iPhone; U; CPU OS 10_3_1 like Mac OS X; zh_cn)"
222.244.83.77 - - [13/May/2017:11:54:35 +0000] "GET /audio/12.mp3 HTTP/1.1" 206 145073 "-" "AppleCoreMedia/1.0.0.14E304 (iPhone; U; CPU OS 10_3_1 like Mac OS X; zh_cn)"
222.244.83.77 - - [13/May/2017:11:54:36 +0000] "GET /audio/12.mp3 HTTP/1.1" 206 1050329 "-" "AppleCoreMedia/1.0.0.14E304 (iPhone; U; CPU OS 10_3_1 like Mac OS X; zh_cn)"
222.244.83.77 - - [13/May/2017:11:54:38 +0000] "GET /audio/12.mp3 HTTP/1.1" 206 2396333 "-" "AppleCoreMedia/1.0.0.14E304 (iPhone; U; CPU OS 10_3_1 like Mac OS X; zh_cn)"
223.104.3.185 - - [13/May/2017:11:54:37 +0000] "GET /audio/13.mp3 HTTP/1.1" 200 3032543 "-" "stagefright/1.2 (Linux;Android 4.3)"
222.244.83.77 - - [13/May/2017:11:54:45 +0000] "GET /audio/12.mp3 HTTP/1.1" 206 657041 "-" "AppleCoreMedia/1.0.0.14E304 (iPhone; U; CPU OS 10_3_1 like Mac OS X; zh_cn)"
222.244.83.77 - - [13/May/2017:11:54:47 +0000] "GET /audio/12.mp3 HTTP/1.1" 206 529848 "-" "AppleCoreMedia/1.0.0.14E304 (iPhone; U; CPU OS 10_3_1 like Mac OS X; zh_cn)"
222.244.83.77 - - [13/May/2017:11:54:47 +0000] "GET /audio/12.mp3 HTTP/1.1" 206 986177 "-" "AppleCoreMedia/1.0.0.14E304 (iPhone; U; CPU OS 10_3_1 like Mac OS X; zh_cn)"
183.0.227.239 - - [13/May/2017:11:55:07 +0000] "GET /podcast.xml HTTP/1.1" 200 18792 "-" "%E6%92%AD%E5%AE%A2/1150.47 CFNetwork/811.5.1 Darwin/16.6.0"
120.236.174.172 - - [13/May/2017:11:55:07 +0000] "GET /podcast.xml HTTP/1.1" 200 18792 "-" "%E6%92%AD%E5%AE%A2/1150.47 CFNetwork/811.4.18 Darwin/16.5.0"
120.236.174.172 - - [13/May/2017:11:55:08 +0000] "GET /images/logo@2x.png HTTP/1.1" 200 120048 "-" "%E6%92%AD%E5%AE%A2/1150.47 CFNetwork/811.4.18 Darwin/16.5.0"
222.244.83.77 - - [13/May/2017:11:54:49 +0000] "GET /audio/12.mp3 HTTP/1.1" 206 1955585 "-" "AppleCoreMedia/1.0.0.14E304 (iPhone; U; CPU OS 10_3_1 like Mac OS X; zh_cn)"
222.244.83.77 - - [13/May/2017:11:55:25 +0000] "GET /audio/8.mp3 HTTP/1.1" 206 3394 "-" "AppleCoreMedia/1.0.0.14E304 (iPhone; U; CPU OS 10_3_1 like Mac OS X; zh_cn)"
222.244.83.77 - - [13/May/2017:11:55:25 +0000] "GET /audio/12.mp3 HTTP/1.1" 206 76169 "-" "AppleCoreMedia/1.0.0.14E304 (iPhone; U; CPU OS 10_3_1 like Mac OS X; zh_cn)"
222.244.83.77 - - [13/May/2017:11:55:26 +0000] "GET /audio/8.mp3 HTTP/1.1" 206 79030 "-" "AppleCoreMedia/1.0.0.14E304 (iPhone; U; CPU OS 10_3_1 like Mac OS X; zh_cn)"
222.244.83.77 - - [13/May/2017:11:55:26 +0000] "GET /audio/8.mp3 HTTP/1.1" 206 76169 "-" "AppleCoreMedia/1.0.0.14E304 (iPhone; U; CPU OS 10_3_1 like Mac OS X; zh_cn)"
1.80.96.92 - - [13/May/2017:11:55:33 +0000] "GET /podcast.xml HTTP/1.1" 200 18792 "-" "%E6%92%AD%E5%AE%A2/1150.47 CFNetwork/811.4.18 Darwin/16.5.0"
104.237.141.147 - - [13/May/2017:11:55:40 +0000] "GET /podcast.xml HTTP/1.1" 200 18755 "-" "Overcast/1.0 Podcast Sync (113 subscribers; feed-id=542448; +http://overcast.fm/)"
118.125.35.83 - - [13/May/2017:11:55:56 +0000] "GET /podcast.xml HTTP/1.1" 200 18792 "-" "%E6%92%AD%E5%AE%A2/1150.47 CFNetwork/811.4.18 Darwin/16.5.0"
114.97.216.89 - - [13/May/2017:11:55:59 +0000] "GET /podcast.xml HTTP/1.1" 200 18755 "-" "iTunes/12.6 (Macintosh; OS X 10.12.4) AppleWebKit/603.1.30.0.34"
118.74.32.27 - - [13/May/2017:11:56:07 +0000] "GET /podcast.xml HTTP/1.1" 200 18792 "-" "%E6%92%AD%E5%AE%A2/1150.47 CFNetwork/811.5.4 Darwin/16.6.0"
63.143.42.245 - - [13/May/2017:11:57:34 +0000] "HEAD / HTTP/1.1" 200 3193 "https://TechFusionFM.com" "Mozilla/5.0+(compatible; UptimeRobot/2.0; http://www.uptimerobot.com/)"
111.15.93.77 - - [13/May/2017:11:57:47 +0000] "GET /podcast.xml HTTP/1.1" 200 18792 "-" "%E6%92%AD%E5%AE%A2/1150.47 CFNetwork/811.5.4 Darwin/16.6.0"
111.15.93.77 - - [13/May/2017:11:57:48 +0000] "GET /images/logo@2x.png HTTP/1.1" 200 120048 "-" "%E6%92%AD%E5%AE%A2/1150.47 CFNetwork/811.5.4 Darwin/16.6.0"
36.149.235.216 - - [13/May/2017:11:57:58 +0000] "GET /podcast.xml HTTP/1.1" 200 18792 "-" "%E6%92%AD%E5%AE%A2/1150.47 CFNetwork/811.4.18 Darwin/16.5.0"
47.91.158.72 - - [13/May/2017:11:58:03 +0000] "GET /podcast.xml HTTP/1.1" 200 18792 "-" "%E6%92%AD%E5%AE%A2/1150.47 CFNetwork/811.4.18 Darwin/16.5.0"
47.91.158.72 - - [13/May/2017:11:58:04 +0000] "GET /images/logo@2x.png HTTP/1.1" 200 120048 "-" "%E6%92%AD%E5%AE%A2/1150.47 CFNetwork/811.4.18 Darwin/16.5.0"
120.84.12.224 - - [13/May/2017:11:58:31 +0000] "GET /podcast.xml HTTP/1.1" 200 18792 "-" "%E6%92%AD%E5%AE%A2/1150.47 CFNetwork/811.4.18 Darwin/16.5.0"
120.84.12.224 - - [13/May/2017:11:58:34 +0000] "HEAD /audio/13.mp3 HTTP/1.1" 200 2998 "-" "Podcasts/2.6"
47.91.158.72 - - [13/May/2017:11:58:37 +0000] "GET /podcast.xml HTTP/1.1" 200 18792 "-" "%E6%92%AD%E5%AE%A2/1150.47 CFNetwork/811.4.18 Darwin/16.5.0"
120.84.12.224 - - [13/May/2017:11:58:41 +0000] "GET /images/logo@2x.png HTTP/1.1" 200 120048 "-" "%E6%92%AD%E5%AE%A2/1150.47 CFNetwork/811.4.18 Darwin/16.5.0"
120.84.12.224 - - [13/May/2017:11:58:51 +0000] "GET /audio/13.mp3 HTTP/1.1" 206 3394 "-" "AppleCoreMedia/1.0.0.14E304 (iPad; U; CPU OS 10_3_1 like Mac OS X; zh_cn)"
120.84.12.224 - - [13/May/2017:11:58:53 +0000] "GET /audio/13.mp3 HTTP/1.1" 206 66168 "-" "AppleCoreMedia/1.0.0.14E304 (iPad; U; CPU OS 10_3_1 like Mac OS X; zh_cn)"
180.173.254.207 - - [13/May/2017:11:59:00 +0000] "GET /podcast.xml HTTP/1.1" 200 18792 "-" "Mozilla/5.0 (Linux; U; en-us; BeyondPod)"
120.194.248.35 - - [13/May/2017:11:59:16 +0000] "GET /podcast.xml HTTP/1.1" 200 18792 "-" "%E6%92%AD%E5%AE%A2/1150.47 CFNetwork/811.4.18 Darwin/16.5.0"
120.194.248.35 - - [13/May/2017:11:59:17 +0000] "HEAD /audio/13.mp3 HTTP/1.1" 200 2998 "-" "Podcasts/2.6"
120.194.248.35 - - [13/May/2017:11:59:17 +0000] "GET /images/logo@2x.png HTTP/1.1" 200 120048 "-" "%E6%92%AD%E5%AE%A2/1150.47 CFNetwork/811.4.18 Darwin/16.5.0"
120.194.248.35 - - [13/May/2017:11:59:18 +0000] "GET /audio/13.mp3 HTTP/1.1" 206 3394 "-" "AppleCoreMedia/1.0.0.14E304 (iPad; U; CPU OS 10_3_1 like Mac OS X; zh_cn)"
120.194.248.35 - - [13/May/2017:11:59:19 +0000] "GET /audio/13.mp3 HTTP/1.1" 206 66168 "-" "AppleCoreMedia/1.0.0.14E304 (iPad; U; CPU OS 10_3_1 like Mac OS X; zh_cn)"
1.180.215.87 - - [13/May/2017:11:59:19 +0000] "GET /podcast.xml HTTP/1.1" 200 18792 "-" "%E6%92%AD%E5%AE%A2/1140.8 CFNetwork/808.3 Darwin/16.3.0"
104.237.141.147 - - [13/May/2017:11:59:20 +0000] "GET /podcast.xml HTTP/1.1" 200 18755 "-" "Overcast/1.0 Podcast Sync (113 subscribers; feed-id=542448; +http://overcast.fm/)"
1.180.215.87 - - [13/May/2017:11:59:24 +0000] "GET /images/logo@2x.png HTTP/1.1" 200 120048 "-" "%E6%92%AD%E5%AE%A2/1140.8 CFNetwork/808.3 Darwin/16.3.0"
117.25.79.171 - - [13/May/2017:11:26:47 +0000] "GET /audio/12.mp3 HTTP/1.1" 206 32859195 "-" "AppleCoreMedia/1.0.0.13G36 (iPad; U; CPU OS 9_3_5 like Mac OS X; zh_cn)"
112.96.109.178 - - [13/May/2017:11:59:41 +0000] "GET /podcast.xml HTTP/1.1" 200 18792 "-" "%E6%92%AD%E5%AE%A2/1150.47 CFNetwork/811.4.18 Darwin/16.5.0"
112.96.109.178 - - [13/May/2017:11:59:43 +0000] "GET /images/logo@2x.png HTTP/1.1" 200 120048 "-" "%E6%92%AD%E5%AE%A2/1150.47 CFNetwork/811.4.18 Darwin/16.5.0"
111.30.240.111 - - [13/May/2017:11:59:49 +0000] "GET /podcast.xml HTTP/1.1" 200 18792 "-" "%E6%92%AD%E5%AE%A2/1150.47 CFNetwork/811.4.18 Darwin/16.5.0"
116.230.105.104 - - [13/May/2017:12:00:04 +0000] "GET /podcast.xml HTTP/1.1" 200 18792 "-" "%E6%92%AD%E5%AE%A2/1150.47 CFNetwork/811.4.18 Darwin/16.5.0"
120.194.248.35 - - [13/May/2017:11:59:18 +0000] "GET /audio/13.mp3 HTTP/1.1" 206 42478637 "-" "AppleCoreMedia/1.0.0.14E304 (iPad; U; CPU OS 10_3_1 like Mac OS X; zh_cn)"
120.194.248.35 - - [13/May/2017:12:00:20 +0000] "GET /images/logo@2x.png HTTP/1.1" 200 120048 "-" "itunesstored/1.0 iOS/10.3.1 model/iPad6,11 hwp/s8000 build/14E304 (5; dt:164)"
112.224.69.141 - - [13/May/2017:12:00:24 +0000] "GET /podcast.xml HTTP/1.1" 200 18792 "-" "%E6%92%AD%E5%AE%A2/1140.8 CFNetwork/808.2.16 Darwin/16.3.0"
112.224.69.141 - - [13/May/2017:12:00:25 +0000] "GET /images/logo@2x.png HTTP/1.1" 200 120048 "-" "%E6%92%AD%E5%AE%A2/1140.8 CFNetwork/808.2.16 Darwin/16.3.0"
120.84.12.224 - - [13/May/2017:11:58:52 +0000] "GET /audio/13.mp3 HTTP/1.1" 206 42478637 "-" "AppleCoreMedia/1.0.0.14E304 (iPad; U; CPU OS 10_3_1 like Mac OS X; zh_cn)"
120.84.12.224 - - [13/May/2017:12:00:30 +0000] "GET /images/logo@2x.png HTTP/1.1" 200 120048 "-" "itunesstored/1.0 iOS/10.3.1 model/iPad5,3 hwp/t7001 build/14E304 (5; dt:113)"
221.237.84.204 - - [13/May/2017:11:46:52 +0000] "GET /audio/9.mp3 HTTP/1.1" 206 9554518 "-" "AppleCoreMedia/1.0.0.14E304 (iPhone; U; CPU OS 10_3_1 like Mac OS X; zh_cn)"
113.5.2.73 - - [13/May/2017:12:01:15 +0000] "GET /podcast.xml HTTP/1.1" 200 18792 "-" "%E6%92%AD%E5%AE%A2/1150.47 CFNetwork/811.4.18 Darwin/16.5.0"
113.5.2.73 - - [13/May/2017:12:01:18 +0000] "GET /images/logo@2x.png HTTP/1.1" 200 120048 "-" "%E6%92%AD%E5%AE%A2/1150.47 CFNetwork/811.4.18 Darwin/16.5.0"
104.237.141.147 - - [13/May/2017:12:01:38 +0000] "GET /podcast.xml HTTP/1.1" 200 18755 "-" "Overcast/1.0 Podcast Sync (113 subscribers; feed-id=542448; +http://overcast.fm/)"
183.131.84.174 - - [13/May/2017:12:01:42 +0000] "GET /podcast.xml HTTP/1.1" 200 18792 "-" "%E6%92%AD%E5%AE%A2/1150.47 CFNetwork/811.4.18 Darwin/16.5.0"
101.249.31.135 - - [13/May/2017:12:01:49 +0000] "GET /podcast.xml HTTP/1.1" 200 18792 "-" "%E6%92%AD%E5%AE%A2/1125.29 CFNetwork/758.5.3 Darwin/15.6.0"
118.125.35.83 - - [13/May/2017:12:01:48 +0000] "GET /images/logo@2x.png HTTP/1.1" 200 120048 "-" "%E6%92%AD%E5%AE%A2/1150.47 CFNetwork/811.4.18 Darwin/16.5.0"
101.249.31.135 - - [13/May/2017:12:01:52 +0000] "GET /images/logo@2x.png HTTP/1.1" 200 120048 "-" "%E6%92%AD%E5%AE%A2/1125.29 CFNetwork/758.5.3 Darwin/15.6.0"
2607:fea8:c2e0:a79:4165:255f:414c:da5 - - [13/May/2017:12:01:57 +0000] "GET / HTTP/1.1" 200 7118 "-" "Mozilla/5.0 (Macintosh; Intel Mac OS X 10_12_4) AppleWebKit/603.1.30 (KHTML, like Gecko) Version/10.1 Safari/603.1.30"
2607:fea8:c2e0:a79:4165:255f:414c:da5 - - [13/May/2017:12:01:57 +0000] "GET /css/blog_basic.css HTTP/1.1" 200 2805 "https://techfusionfm.com/" "Mozilla/5.0 (Macintosh; Intel Mac OS X 10_12_4) AppleWebKit/603.1.30 (KHTML, like Gecko) Version/10.1 Safari/603.1.30"
2607:fea8:c2e0:a79:4165:255f:414c:da5 - - [13/May/2017:12:01:57 +0000] "GET /js/ga.js HTTP/1.1" 200 717 "https://techfusionfm.com/" "Mozilla/5.0 (Macintosh; Intel Mac OS X 10_12_4) AppleWebKit/603.1.30 (KHTML, like Gecko) Version/10.1 Safari/603.1.30"
2607:fea8:c2e0:a79:4165:255f:414c:da5 - - [13/May/2017:12:01:58 +0000] "GET /css/style.css HTTP/1.1" 200 2859 "https://techfusionfm.com/" "Mozilla/5.0 (Macintosh; Intel Mac OS X 10_12_4) AppleWebKit/603.1.30 (KHTML, like Gecko) Version/10.1 Safari/603.1.30"
2607:fea8:c2e0:a79:4165:255f:414c:da5 - - [13/May/2017:12:01:58 +0000] "GET /js/ba.js HTTP/1.1" 200 627 "https://techfusionfm.com/" "Mozilla/5.0 (Macintosh; Intel Mac OS X 10_12_4) AppleWebKit/603.1.30 (KHTML, like Gecko) Version/10.1 Safari/603.1.30"
2607:fea8:c2e0:a79:4165:255f:414c:da5 - - [13/May/2017:12:01:58 +0000] "GET /images/logo@2x.png HTTP/1.1" 304 349 "https://techfusionfm.com/" "Mozilla/5.0 (Macintosh; Intel Mac OS X 10_12_4) AppleWebKit/603.1.30 (KHTML, like Gecko) Version/10.1 Safari/603.1.30"
2607:fea8:c2e0:a79:4165:255f:414c:da5 - - [13/May/2017:12:01:58 +0000] "GET /css/font-awesome.min.css HTTP/1.1" 200 5634 "https://techfusionfm.com/" "Mozilla/5.0 (Macintosh; Intel Mac OS X 10_12_4) AppleWebKit/603.1.30 (KHTML, like Gecko) Version/10.1 Safari/603.1.30"
2607:fea8:c2e0:a79:4165:255f:414c:da5 - - [13/May/2017:12:01:58 +0000] "GET /js/jquery.appear.js HTTP/1.1" 200 1071 "https://techfusionfm.com/" "Mozilla/5.0 (Macintosh; Intel Mac OS X 10_12_4) AppleWebKit/603.1.30 (KHTML, like Gecko) Version/10.1 Safari/603.1.30"
2607:fea8:c2e0:a79:4165:255f:414c:da5 - - [13/May/2017:12:01:58 +0000] "GET /js/jquery-migrate-1.2.1.min.js HTTP/1.1" 200 3594 "https://techfusionfm.com/" "Mozilla/5.0 (Macintosh; Intel Mac OS X 10_12_4) AppleWebKit/603.1.30 (KHTML, like Gecko) Version/10.1 Safari/603.1.30"
2607:fea8:c2e0:a79:4165:255f:414c:da5 - - [13/May/2017:12:01:58 +0000] "GET /js/jquery.js HTTP/1.1" 200 33833 "https://techfusionfm.com/" "Mozilla/5.0 (Macintosh; Intel Mac OS X 10_12_4) AppleWebKit/603.1.30 (KHTML, like Gecko) Version/10.1 Safari/603.1.30"
2607:fea8:c2e0:a79:4165:255f:414c:da5 - - [13/May/2017:12:01:58 +0000] "GET /fonts/fontawesome-webfont.woff?v=4.2.0 HTTP/1.1" 200 98527 "https://techfusionfm.com/" "Mozilla/5.0 (Macintosh; Intel Mac OS X 10_12_4) AppleWebKit/603.1.30 (KHTML, like Gecko) Version/10.1 Safari/603.1.30"
2607:fea8:c2e0:a79:4165:255f:414c:da5 - - [13/May/2017:12:02:00 +0000] "GET /images/favicon.png HTTP/1.1" 200 31821 "https://techfusionfm.com/" "Mozilla/5.0 (Macintosh; Intel Mac OS X 10_12_4) AppleWebKit/603.1.30 (KHTML, like Gecko) Version/10.1 Safari/603.1.30"
2607:fea8:c2e0:a79:4165:255f:414c:da5 - - [13/May/2017:12:02:00 +0000] "GET /images/favicon.png HTTP/1.1" 304 3209 "-" "Safari/12603.1.30.0.34 CFNetwork/811.4.18 Darwin/16.5.0 (x86_64)"
